Component: ARM Compiler 5.06 update 7 (build 960) Tool: armlink [4d3601]

==============================================================================

Section Cross References

    es_wifi.o(i.AT_ExecuteCommand) refers to strlen.o(.text) for strlen
    es_wifi.o(i.AT_ExecuteCommand) refers to strstr.o(.text) for strstr
    es_wifi.o(i.AT_ParseAP) refers to strlen.o(.text) for strlen
    es_wifi.o(i.AT_ParseAP) refers to strncpy.o(.text) for strncpy
    es_wifi.o(i.AT_ParseAP) refers to es_wifi.o(i.ParseMAC) for ParseMAC
    es_wifi.o(i.AT_ParseAP) refers to es_wifi.o(i.ParseNumber) for ParseNumber
    es_wifi.o(i.AT_ParseAP) refers to es_wifi.o(i.ParseSecurity) for ParseSecurity
    es_wifi.o(i.AT_ParseAP) refers to strtok_r.o(.text) for strtok
    es_wifi.o(i.AT_ParseConnSettings) refers to strtok_r.o(.text) for strtok
    es_wifi.o(i.AT_ParseConnSettings) refers to strncpy.o(.text) for strncpy
    es_wifi.o(i.AT_ParseConnSettings) refers to es_wifi.o(i.ParseNumber) for ParseNumber
    es_wifi.o(i.AT_ParseConnSettings) refers to es_wifi.o(i.ParseIP) for ParseIP
    es_wifi.o(i.AT_ParseInfo) refers to es_wifi.o(i.ParseNumber) for ParseNumber
    es_wifi.o(i.AT_ParseInfo) refers to strtok_r.o(.text) for strtok
    es_wifi.o(i.AT_ParseInfo) refers to strncpy.o(.text) for strncpy
    es_wifi.o(i.AT_ParseSingleAP) refers to strlen.o(.text) for strlen
    es_wifi.o(i.AT_ParseSingleAP) refers to strncpy.o(.text) for strncpy
    es_wifi.o(i.AT_ParseSingleAP) refers to es_wifi.o(i.ParseMAC) for ParseMAC
    es_wifi.o(i.AT_ParseSingleAP) refers to es_wifi.o(i.ParseNumber) for ParseNumber
    es_wifi.o(i.AT_ParseSingleAP) refers to es_wifi.o(i.ParseSecurity) for ParseSecurity
    es_wifi.o(i.AT_ParseSingleAP) refers to strtok_r.o(.text) for strtok
    es_wifi.o(i.AT_ParseSingleAP) refers to es_wifi.o(i.AT_ParseInfo) for i.AT_ParseInfo
    es_wifi.o(i.AT_ParseSystemConfig) refers to es_wifi.o(i.ParseNumber) for ParseNumber
    es_wifi.o(i.AT_ParseSystemConfig) refers to es_wifi.o(i.ParseMAC) for ParseMAC
    es_wifi.o(i.AT_ParseSystemConfig) refers to es_wifi.o(i.ParseIP) for ParseIP
    es_wifi.o(i.AT_ParseSystemConfig) refers to strtok_r.o(.text) for strtok
    es_wifi.o(i.AT_ParseTransportSettings) refers to strtok_r.o(.text) for strtok
    es_wifi.o(i.AT_ParseTransportSettings) refers to es_wifi.o(i.ParseNumber) for ParseNumber
    es_wifi.o(i.AT_ParseTransportSettings) refers to es_wifi.o(i.ParseIP) for ParseIP
    es_wifi.o(i.AT_RequestReceiveData) refers to strlen.o(.text) for strlen
    es_wifi.o(i.AT_RequestReceiveData) refers to strstr.o(.text) for strstr
    es_wifi.o(i.AT_RequestReceiveData) refers to memcpya.o(.text) for __aeabi_memcpy
    es_wifi.o(i.AT_RequestReceiveData) refers to memcmp.o(.text) for memcmp
    es_wifi.o(i.AT_RequestSendData) refers to strlen.o(.text) for strlen
    es_wifi.o(i.AT_RequestSendData) refers to strstr.o(.text) for strstr
    es_wifi.o(i.ES_WIFI_ActivateAP) refers to printf8.o(i.__0sprintf$8) for __2sprintf
    es_wifi.o(i.ES_WIFI_ActivateAP) refers to es_wifi.o(i.AT_ExecuteCommand) for AT_ExecuteCommand
    es_wifi.o(i.ES_WIFI_ActivateAP) refers to strstr.o(.text) for strstr
    es_wifi.o(i.ES_WIFI_ActivateAP) refers to strtok_r.o(.text) for strtok_r
    es_wifi.o(i.ES_WIFI_ActivateAP) refers to strncpy.o(.text) for strncpy
    es_wifi.o(i.ES_WIFI_ActivateAP) refers to es_wifi.o(i.ParseIP) for ParseIP
    es_wifi.o(i.ES_WIFI_CloseServerConnection) refers to printf8.o(i.__0sprintf$8) for __2sprintf
    es_wifi.o(i.ES_WIFI_CloseServerConnection) refers to es_wifi.o(i.AT_ExecuteCommand) for AT_ExecuteCommand
    es_wifi.o(i.ES_WIFI_Connect) refers to printf8.o(i.__0sprintf$8) for __2sprintf
    es_wifi.o(i.ES_WIFI_Connect) refers to es_wifi.o(i.AT_ExecuteCommand) for AT_ExecuteCommand
    es_wifi.o(i.ES_WIFI_DNS_LookUp) refers to printf8.o(i.__0sprintf$8) for __2sprintf
    es_wifi.o(i.ES_WIFI_DNS_LookUp) refers to es_wifi.o(i.AT_ExecuteCommand) for AT_ExecuteCommand
    es_wifi.o(i.ES_WIFI_DNS_LookUp) refers to strtok_r.o(.text) for strtok
    es_wifi.o(i.ES_WIFI_DNS_LookUp) refers to es_wifi.o(i.ParseIP) for ParseIP
    es_wifi.o(i.ES_WIFI_Disconnect) refers to printf8.o(i.__0sprintf$8) for __2sprintf
    es_wifi.o(i.ES_WIFI_Disconnect) refers to es_wifi.o(i.AT_ExecuteCommand) for AT_ExecuteCommand
    es_wifi.o(i.ES_WIFI_GetAPIRev) refers to strncpy.o(.text) for strncpy
    es_wifi.o(i.ES_WIFI_GetFWRevID) refers to strncpy.o(.text) for strncpy
    es_wifi.o(i.ES_WIFI_GetMACAddress) refers to printf8.o(i.__0sprintf$8) for __2sprintf
    es_wifi.o(i.ES_WIFI_GetMACAddress) refers to es_wifi.o(i.AT_ExecuteCommand) for AT_ExecuteCommand
    es_wifi.o(i.ES_WIFI_GetMACAddress) refers to strtok_r.o(.text) for strtok
    es_wifi.o(i.ES_WIFI_GetMACAddress) refers to es_wifi.o(i.ParseMAC) for ParseMAC
    es_wifi.o(i.ES_WIFI_GetNetworkSettings) refers to printf8.o(i.__0sprintf$8) for __2sprintf
[...]
    i.I2C_ITSlaveSeqCplt                     0x08004048   Section        0  stm32l4xx_hal_i2c.o(i.I2C_ITSlaveSeqCplt)
    I2C_ITSlaveSeqCplt                       0x08004049   Thumb Code   114  stm32l4xx_hal_i2c.o(i.I2C_ITSlaveSeqCplt)
    i.I2C_Slave_ISR_IT                       0x080040bc   Section        0  stm32l4xx_hal_i2c.o(i.I2C_Slave_ISR_IT)
    I2C_Slave_ISR_IT                         0x080040bd   Thumb Code   284  stm32l4xx_hal_i2c.o(i.I2C_Slave_ISR_IT)
    i.I2C_TreatErrorCallback                 0x080041dc   Section        0  stm32l4xx_hal_i2c.o(i.I2C_TreatErrorCallback)
    I2C_TreatErrorCallback                   0x080041dd   Thumb Code    42  stm32l4xx_hal_i2c.o(i.I2C_TreatErrorCallback)
    i.MX_DFSDM1_Init                         0x08004208   Section        0  main.o(i.MX_DFSDM1_Init)
    MX_DFSDM1_Init                           0x08004209   Thumb Code   110  main.o(i.MX_DFSDM1_Init)
    i.MX_I2C2_Init                           0x08004284   Section        0  main.o(i.MX_I2C2_Init)
    MX_I2C2_Init                             0x08004285   Thumb Code    72  main.o(i.MX_I2C2_Init)
    i.MemManage_Handler                      0x080042d8   Section        0  stm32l4xx_it.o(i.MemManage_Handler)
    i.NMI_Handler                            0x080042da   Section        0  stm32l4xx_it.o(i.NMI_Handler)
    i.ParseIP                                0x080042dc   Section        0  es_wifi.o(i.ParseIP)
    ParseIP                                  0x080042dd   Thumb Code    50  es_wifi.o(i.ParseIP)
    i.ParseMAC                               0x0800430e   Section        0  es_wifi.o(i.ParseMAC)
    ParseMAC                                 0x0800430f   Thumb Code   134  es_wifi.o(i.ParseMAC)
    i.ParseNumber                            0x08004394   Section        0  es_wifi.o(i.ParseNumber)
    ParseNumber                              0x08004395   Thumb Code    66  es_wifi.o(i.ParseNumber)
    i.PendSV_Handler                         0x080043d6   Section        0  stm32l4xx_it.o(i.PendSV_Handler)
    i.RCCEx_PLLSAI1_Config                   0x080043d8   Section        0  stm32l4xx_hal_rcc_ex.o(i.RCCEx_PLLSAI1_Config)
    RCCEx_PLLSAI1_Config                     0x080043d9   Thumb Code   274  stm32l4xx_hal_rcc_ex.o(i.RCCEx_PLLSAI1_Config)
    i.RCCEx_PLLSAI2_Config                   0x08004500   Section        0  stm32l4xx_hal_rcc_ex.o(i.RCCEx_PLLSAI2_Config)
    RCCEx_PLLSAI2_Config                     0x08004501   Thumb Code   274  stm32l4xx_hal_rcc_ex.o(i.RCCEx_PLLSAI2_Config)
    i.RCC_GetSysClockFreqFromPLLSource       0x08004628   Section        0  stm32l4xx_hal_rcc.o(i.RCC_GetSysClockFreqFromPLLSource)
    RCC_GetSysClockFreqFromPLLSource         0x08004629   Thumb Code   100  stm32l4xx_hal_rcc.o(i.RCC_GetSysClockFreqFromPLLSource)
    i.RCC_SetFlashLatencyFromMSIRange        0x0800469c   Section        0  stm32l4xx_hal_rcc.o(i.RCC_SetFlashLatencyFromMSIRange)
    RCC_SetFlashLatencyFromMSIRange          0x0800469d   Thumb Code   108  stm32l4xx_hal_rcc.o(i.RCC_SetFlashLatencyFromMSIRange)
    i.SPI3_IRQHandler                        0x08004710   Section        0  main.o(i.SPI3_IRQHandler)
    i.SPI_2linesRxISR_16BIT                  0x0800471c   Section        0  stm32l4xx_hal_spi.o(i.SPI_2linesRxISR_16BIT)
    SPI_2linesRxISR_16BIT                    0x0800471d   Thumb Code    66  stm32l4xx_hal_spi.o(i.SPI_2linesRxISR_16BIT)
    i.SPI_2linesRxISR_16BITCRC               0x08004764   Section        0  stm32l4xx_hal_spi.o(i.SPI_2linesRxISR_16BITCRC)
    SPI_2linesRxISR_16BITCRC                 0x08004765   Thumb Code    22  stm32l4xx_hal_spi.o(i.SPI_2linesRxISR_16BITCRC)
    i.SPI_2linesRxISR_8BIT                   0x0800477c   Section        0  stm32l4xx_hal_spi.o(i.SPI_2linesRxISR_8BIT)
    SPI_2linesRxISR_8BIT                     0x0800477d   Thumb Code   120  stm32l4xx_hal_spi.o(i.SPI_2linesRxISR_8BIT)
    i.SPI_2linesRxISR_8BITCRC                0x080047f8   Section        0  stm32l4xx_hal_spi.o(i.SPI_2linesRxISR_8BITCRC)
    SPI_2linesRxISR_8BITCRC                  0x080047f9   Thumb Code    40  stm32l4xx_hal_spi.o(i.SPI_2linesRxISR_8BITCRC)
    i.SPI_2linesTxISR_16BIT                  0x08004820   Section        0  stm32l4xx_hal_spi.o(i.SPI_2linesTxISR_16BIT)
    SPI_2linesTxISR_16BIT                    0x08004821   Thumb Code    76  stm32l4xx_hal_spi.o(i.SPI_2linesTxISR_16BIT)
    i.SPI_2linesTxISR_8BIT                   0x0800486c   Section        0  stm32l4xx_hal_spi.o(i.SPI_2linesTxISR_8BIT)
    SPI_2linesTxISR_8BIT                     0x0800486d   Thumb Code    98  stm32l4xx_hal_spi.o(i.SPI_2linesTxISR_8BIT)
    i.SPI_CloseRxTx_ISR                      0x080048ce   Section        0  stm32l4xx_hal_spi.o(i.SPI_CloseRxTx_ISR)
    SPI_CloseRxTx_ISR                        0x080048cf   Thumb Code   114  stm32l4xx_hal_spi.o(i.SPI_CloseRxTx_ISR)
    i.SPI_CloseRx_ISR                        0x08004940   Section        0  stm32l4xx_hal_spi.o(i.SPI_CloseRx_ISR)
    SPI_CloseRx_ISR                          0x08004941   Thumb Code    90  stm32l4xx_hal_spi.o(i.SPI_CloseRx_ISR)
    i.SPI_CloseTx_ISR                        0x0800499a   Section        0  stm32l4xx_hal_spi.o(i.SPI_CloseTx_ISR)
    SPI_CloseTx_ISR                          0x0800499b   Thumb Code    76  stm32l4xx_hal_spi.o(i.SPI_CloseTx_ISR)
    i.SPI_DMAAbortOnError                    0x080049e6   Section        0  stm32l4xx_hal_spi.o(i.SPI_DMAAbortOnError)
    SPI_DMAAbortOnError                      0x080049e7   Thumb Code    18  stm32l4xx_hal_spi.o(i.SPI_DMAAbortOnError)
    i.SPI_EndRxTransaction                   0x080049f8   Section        0  stm32l4xx_hal_spi.o(i.SPI_EndRxTransaction)
    SPI_EndRxTransaction                     0x080049f9   Thumb Code   116  stm32l4xx_hal_spi.o(i.SPI_EndRxTransaction)
    i.SPI_EndRxTxTransaction                 0x08004a6c   Section        0  stm32l4xx_hal_spi.o(i.SPI_EndRxTxTransaction)
    SPI_EndRxTxTransaction                   0x08004a6d   Thumb Code    72  stm32l4xx_hal_spi.o(i.SPI_EndRxTxTransaction)
    i.SPI_RxISR_16BIT                        0x08004ab4   Section        0  stm32l4xx_hal_spi.o(i.SPI_RxISR_16BIT)
    SPI_RxISR_16BIT                          0x08004ab5   Thumb Code    76  stm32l4xx_hal_spi.o(i.SPI_RxISR_16BIT)
    i.SPI_RxISR_16BITCRC                     0x08004b04   Section        0  stm32l4xx_hal_spi.o(i.SPI_RxISR_16BITCRC)
    SPI_RxISR_16BITCRC                       0x08004b05   Thumb Code    22  stm32l4xx_hal_spi.o(i.SPI_RxISR_16BITCRC)
    i.SPI_RxISR_8BIT                         0x08004b1c   Section        0  stm32l4xx_hal_spi.o(i.SPI_RxISR_8BIT)
    SPI_RxISR_8BIT                           0x08004b1d   Thumb Code    76  stm32l4xx_hal_spi.o(i.SPI_RxISR_8BIT)
    i.SPI_RxISR_8BITCRC                      0x08004b6c   Section        0  stm32l4xx_hal_spi.o(i.SPI_RxISR_8BITCRC)
    SPI_RxISR_8BITCRC                        0x08004b6d   Thumb Code    26  stm32l4xx_hal_spi.o(i.SPI_RxISR_8BITCRC)
    i.SPI_TxISR_16BIT                        0x08004b86   Section        0  stm32l4xx_hal_spi.o(i.SPI_TxISR_16BIT)
    SPI_TxISR_16BIT                          0x08004b87   Thumb Code    50  stm32l4xx_hal_spi.o(i.SPI_TxISR_16BIT)
    i.SPI_TxISR_8BIT                         0x08004bb8   Section        0  stm32l4xx_hal_spi.o(i.SPI_TxISR_8BIT)
    SPI_TxISR_8BIT                           0x08004bb9   Thumb Code    50  stm32l4xx_hal_spi.o(i.SPI_TxISR_8BIT)
    i.SPI_WIFI_DeInit                        0x08004bec   Section        0  es_wifi_io.o(i.SPI_WIFI_DeInit)
    i.SPI_WIFI_Delay                         0x08004bfc   Section        0  es_wifi_io.o(i.SPI_WIFI_Delay)
    i.SPI_WIFI_DelayUs                       0x08004c00   Section        0  es_wifi_io.o(i.SPI_WIFI_DelayUs)
    SPI_WIFI_DelayUs                         0x08004c01   Thumb Code    92  es_wifi_io.o(i.SPI_WIFI_DelayUs)
    i.SPI_WIFI_ISR                           0x08004c68   Section        0  es_wifi_io.o(i.SPI_WIFI_ISR)
    i.SPI_WIFI_Init                          0x08004c7c   Section        0  es_wifi_io.o(i.SPI_WIFI_Init)
    i.SPI_WIFI_MspInit                       0x08004cf8   Section        0  es_wifi_io.o(i.SPI_WIFI_MspInit)
    i.SPI_WIFI_ReceiveData                   0x08004e04   Section        0  es_wifi_io.o(i.SPI_WIFI_ReceiveData)
    i.SPI_WIFI_ResetModule                   0x08004f04   Section        0  es_wifi_io.o(i.SPI_WIFI_ResetModule)
    i.SPI_WIFI_SendData                      0x08004fe8   Section        0  es_wifi_io.o(i.SPI_WIFI_SendData)
    i.SPI_WaitFifoStateUntilTimeout          0x080050a0   Section        0  stm32l4xx_hal_spi.o(i.SPI_WaitFifoStateUntilTimeout)
    SPI_WaitFifoStateUntilTimeout            0x080050a1   Thumb Code   198  stm32l4xx_hal_spi.o(i.SPI_WaitFifoStateUntilTimeout)
    i.SPI_WaitFlagStateUntilTimeout          0x08005174   Section        0  stm32l4xx_hal_spi.o(i.SPI_WaitFlagStateUntilTimeout)
    SPI_WaitFlagStateUntilTimeout            0x08005175   Thumb Code   180  stm32l4xx_hal_spi.o(i.SPI_WaitFlagStateUntilTimeout)
    i.SVC_Handler                            0x0800522c   Section        0  stm32l4xx_it.o(i.SVC_Handler)
    i.SysTick_Handler                        0x0800522e   Section        0  stm32l4xx_it.o(i.SysTick_Handler)
    i.SystemInit                             0x08005234   Section        0  system_stm32l4xx.o(i.SystemInit)
    i.TIM1_UP_TIM16_IRQHandler               0x08005278   Section        0  stm32l4xx_it.o(i.TIM1_UP_TIM16_IRQHandler)
    i.TIM2_IRQHandler                        0x08005284   Section        0  stm32l4xx_it.o(i.TIM2_IRQHandler)
    i.TIM_Base_SetConfig                     0x08005290   Section        0  stm32l4xx_hal_tim.o(i.TIM_Base_SetConfig)
    i.UART_AdvFeatureConfig                  0x08005350   Section        0  stm32l4xx_hal_uart.o(i.UART_AdvFeatureConfig)
    i.UART_CheckIdleState                    0x08005418   Section        0  stm32l4xx_hal_uart.o(i.UART_CheckIdleState)
    i.UART_SetConfig                         0x08005478   Section        0  stm32l4xx_hal_uart.o(i.UART_SetConfig)
    i.UART_WaitOnFlagUntilTimeout            0x08005714   Section        0  stm32l4xx_hal_uart.o(i.UART_WaitOnFlagUntilTimeout)
    i.UsageFault_Handler                     0x080057b8   Section        0  stm32l4xx_it.o(i.UsageFault_Handler)
    i.WIFI_Connect                           0x080057bc   Section        0  wifi.o(i.WIFI_Connect)
    i.WIFI_GetIP_Address                     0x080057e0   Section        0  wifi.o(i.WIFI_GetIP_Address)
    i.WIFI_GetMAC_Address                    0x08005804   Section        0  wifi.o(i.WIFI_GetMAC_Address)
    i.WIFI_Init                              0x0800581c   Section        0  wifi.o(i.WIFI_Init)
    i.WIFI_OpenClientConnection              0x0800585c   Section        0  wifi.o(i.WIFI_OpenClientConnection)
    i.WIFI_SendData                          0x080058ac   Section        0  wifi.o(i.WIFI_SendData)
    i.__0printf$8                            0x080058d0   Section        0  printf8.o(i.__0printf$8)
    i.__0sprintf$8                           0x080058f0   Section        0  printf8.o(i.__0sprintf$8)
    i.__NVIC_SetPriority                     0x08005918   Section        0  stm32l4xx_hal_cortex.o(i.__NVIC_SetPriority)
    __NVIC_SetPriority                       0x08005919   Thumb Code    32  stm32l4xx_hal_cortex.o(i.__NVIC_SetPriority)
    i.__scatterload_copy                     0x08005938   Section       14  handlers.o(i.__scatterload_copy)
    i.__scatterload_null                     0x08005946   Section        2  handlers.o(i.__scatterload_null)
    i.__scatterload_zeroinit                 0x08005948   Section       14  handlers.o(i.__scatterload_zeroinit)
    i._printf_core                           0x08005958   Section        0  printf8.o(i._printf_core)
    _printf_core                             0x08005959   Thumb Code   984  printf8.o(i._printf_core)
    i._printf_post_padding                   0x08005d62   Section        0  printf8.o(i._printf_post_padding)
    _printf_post_padding                     0x08005d63   Thumb Code    36  printf8.o(i._printf_post_padding)
    i._printf_pre_padding                    0x08005d86   Section        0  printf8.o(i._printf_pre_padding)
    _printf_pre_padding                      0x08005d87   Thumb Code    46  printf8.o(i._printf_pre_padding)
    i._sputc                                 0x08005db4   Section        0  printf8.o(i._sputc)
    _sputc                                   0x08005db5   Thumb Code    10  printf8.o(i._sputc)
    i.fgetc                                  0x08005dc0   Section        0  main.o(i.fgetc)
    i.fputc                                  0x08005de8   Section        0  main.o(i.fputc)
    i.getc                                   0x08005e00   Section        0  getc.o(i.getc)
    i.gets                                   0x08005e04   Section        0  gets.o(i.gets)
    i.main                                   0x08005e34   Section        0  main.o(i.main)
    i.wait_spi_tx_event                      0x0800609c   Section        0  es_wifi_io.o(i.wait_spi_tx_event)
    wait_spi_tx_event                        0x0800609d   Thumb Code    42  es_wifi_io.o(i.wait_spi_tx_event)
    i.wifi_connect                           0x080060cc   Section        0  main.o(i.wifi_connect)
    wifi_connect                             0x080060cd   Thumb Code   334  main.o(i.wifi_connect)
    i.wifi_start                             0x080063dc   Section        0  main.o(i.wifi_start)
    wifi_start                               0x080063dd   Thumb Code    78  main.o(i.wifi_start)
    .constdata                               0x080064a4   Section       64  system_stm32l4xx.o(.constdata)
    .constdata                               0x080064e4   Section        8  system_stm32l4xx.o(.constdata)
    .constdata                               0x080064ec   Section       24  stm32l4xx_hal_uart.o(.constdata)
    .constdata                               0x08006504   Section       16  stm32l4s5i_iot01.o(.constdata)
    .conststring                             0x08006514   Section       90  main.o(.conststring)
    UNINIT_FIXED_LOC                         0x080ff000   Section      216  main.o(UNINIT_FIXED_LOC)
    .data                                    0x20000000   Section       16  es_wifi_io.o(.data)
    spi_rx_event                             0x20000000   Data           4  es_wifi_io.o(.data)
    spi_tx_event                             0x20000004   Data           4  es_wifi_io.o(.data)
    cmddata_rdy_rising_event                 0x20000008   Data           4  es_wifi_io.o(.data)
    cycle_per_loop                           0x2000000c   Data           4  es_wifi_io.o(.data)
    .data                                    0x20000010   Section       24  main.o(.data)
    button_flag                              0x20000012   Data           1  main.o(.data)
    IP_Addr                                  0x20000024   Data           4  main.o(.data)
    .data                                    0x20000028   Section        4  system_stm32l4xx.o(.data)
    .data                                    0x2000002c   Section        8  stm32l4xx_hal_msp.o(.data)
    HAL_RCC_DFSDM1_CLK_ENABLED               0x2000002c   Data           4  stm32l4xx_hal_msp.o(.data)
    DFSDM1_Init                              0x20000030   Data           4  stm32l4xx_hal_msp.o(.data)
    .data                                    0x20000034   Section       12  stm32l4xx_hal.o(.data)
    .data                                    0x20000040   Section        4  stm32l4xx_hal_dfsdm.o(.data)
    v_dfsdm1ChannelCounter                   0x20000040   Data           4  stm32l4xx_hal_dfsdm.o(.data)
    .data                                    0x20000044   Section       32  stm32l4xx_hal_flash.o(.data)
    .data                                    0x20000064   Section       20  stm32l4s5i_iot01.o(.data)
    .data                                    0x20000078   Section        4  stdin.o(.data)
    .data                                    0x2000007c   Section        4  strtok_r.o(.data)
    state                                    0x2000007c   Data           4  strtok_r.o(.data)
    .data                                    0x20000080   Section        4  stdout.o(.data)
    .bss                                     0x20000084   Section      100  es_wifi_io.o(.bss)
    .bss                                     0x200000e8   Section     2304  wifi.o(.bss)
    .bss                                     0x200009e8   Section     3504  main.o(.bss)
    user_config                              0x200015e8   Data         216  main.o(.bss)
    .bss                                     0x20001798   Section       76  main.o(.bss)
    .bss                                     0x200017e4   Section       96  main.o(.bss)
    .bss                                     0x20001844   Section       76  stm32l4xx_hal_timebase_tim.o(.bss)
    .bss                                     0x20001890   Section       32  stm32l4xx_hal_dfsdm.o(.bss)
    a_dfsdm1ChannelHandle                    0x20001890   Data          32  stm32l4xx_hal_dfsdm.o(.bss)
    .bss                                     0x200018b0   Section      144  stm32l4s5i_iot01.o(.bss)
    STACK                                    0x20001940   Section    32512  startup_stm32l4s5xx.o(STACK)

    Global Symbols

    Symbol Name                              Value     Ov Type        Size  Object(Section)

    BuildAttributes$$THM_ISAv4$E$P$D$K$B$S$7EM$VFPi3$EXTD16$VFPS$VFMA$PE$A:L22UL41UL21$X:L11$S22US41US21$IEEE1$IW$USESV6$~STKCKD$USESV7$~SHL$OSPACE$ROPI$EBA8$MICROLIB$REQ8$PRES8$EABIv2 0x00000000   Number         0  anon$$obj.o ABSOLUTE
    __ARM_use_no_argv                        0x00000000   Number         0  main.o ABSOLUTE
    _printf_a                                0x00000000   Number         0  stubs.o ABSOLUTE
    _printf_c                                0x00000000   Number         0  stubs.o ABSOLUTE
    _printf_charcount                        0x00000000   Number         0  stubs.o ABSOLUTE
    _printf_d                                0x00000000   Number         0  stubs.o ABSOLUTE
    _printf_e                                0x00000000   Number         0  stubs.o ABSOLUTE
    _printf_f                                0x00000000   Number         0  stubs.o ABSOLUTE
    _printf_flags                            0x00000000   Number         0  stubs.o ABSOLUTE
    _printf_fp_dec                           0x00000000   Number         0  stubs.o ABSOLUTE
    _printf_fp_hex                           0x00000000   Number         0  stubs.o ABSOLUTE
    _printf_g                                0x00000000   Number         0  stubs.o ABSOLUTE
    _printf_i                                0x00000000   Number         0  stubs.o ABSOLUTE
    _printf_int_dec                          0x00000000   Number         0  stubs.o ABSOLUTE
    _printf_l                                0x00000000   Number         0  stubs.o ABSOLUTE
    _printf_lc                               0x00000000   Number         0  stubs.o ABSOLUTE
    _printf_ll                               0x00000000   Number         0  stubs.o ABSOLUTE
    _printf_lld                              0x00000000   Number         0  stubs.o ABSOLUTE
    _printf_lli                              0x00000000   Number         0  stubs.o ABSOLUTE
    _printf_llo                              0x00000000   Number         0  stubs.o ABSOLUTE
    _printf_llu                              0x00000000   Number         0  stubs.o ABSOLUTE
    _printf_llx                              0x00000000   Number         0  stubs.o ABSOLUTE
    _printf_longlong_dec                     0x00000000   Number         0  stubs.o ABSOLUTE
    _printf_longlong_hex                     0x00000000   Number         0  stubs.o ABSOLUTE
    _printf_longlong_oct                     0x00000000   Number         0  stubs.o ABSOLUTE
    _printf_ls                               0x00000000   Number         0  stubs.o ABSOLUTE
    _printf_mbtowc                           0x00000000   Number         0  stubs.o ABSOLUTE
    _printf_n                                0x00000000   Number         0  stubs.o ABSOLUTE
    _printf_o                                0x00000000   Number         0  stubs.o ABSOLUTE
    _printf_p                                0x00000000   Number         0  stubs.o ABSOLUTE
    _printf_percent                          0x00000000   Number         0  stubs.o ABSOLUTE
    _printf_pre_padding                      0x00000000   Number         0  stubs.o ABSOLUTE
    _printf_return_value                     0x00000000   Number         0  stubs.o ABSOLUTE
    _printf_s                                0x00000000   Number         0  stubs.o ABSOLUTE
    _printf_sizespec                         0x00000000   Number         0  stubs.o ABSOLUTE
    _printf_str                              0x00000000   Number         0  stubs.o ABSOLUTE
    _printf_truncate_signed                  0x00000000   Number         0  stubs.o ABSOLUTE
    _printf_truncate_unsigned                0x00000000   Number         0  stubs.o ABSOLUTE
    _printf_u                                0x00000000   Number         0  stubs.o ABSOLUTE
    _printf_wc                               0x00000000   Number         0  stubs.o ABSOLUTE
    _printf_wctomb                           0x00000000   Number         0  stubs.o ABSOLUTE
    _printf_widthprec                        0x00000000   Number         0  stubs.o ABSOLUTE
    _printf_x                                0x00000000   Number         0  stubs.o ABSOLUTE
    __arm_fini_                               - Undefined Weak Reference
    __cpp_initialize__aeabi_                  - Undefined Weak Reference
    __cxa_finalize                            - Undefined Weak Reference
    __decompress                              - Undefined Weak Reference
    _clock_init                               - Undefined Weak Reference
    _microlib_exit                            - Undefined Weak Reference
    __Vectors_Size                           0x000001bc   Number         0  startup_stm32l4s5xx.o ABSOLUTE
    __Vectors                                0x08000000   Data           4  startup_stm32l4s5xx.o(RESET)
    __Vectors_End                            0x080001bc   Data           0  startup_stm32l4s5xx.o(RESET)
    __main                                   0x080001bd   Thumb Code     0  entry.o(.ARM.Collect$$$$00000000)
    _main_stk                                0x080001bd   Thumb Code     0  entry2.o(.ARM.Collect$$$$00000001)
    _main_scatterload                        0x080001c1   Thumb Code     0  entry5.o(.ARM.Collect$$$$00000004)
    __main_after_scatterload                 0x080001c5   Thumb Code     0  entry5.o(.ARM.Collect$$$$00000004)
    _main_clock                              0x080001c5   Thumb Code     0  entry7b.o(.ARM.Collect$$$$00000008)
    _main_cpp_init                           0x080001c5   Thumb Code     0  entry8b.o(.ARM.Collect$$$$0000000A)
    _main_init                               0x080001c5   Thumb Code     0  entry9a.o(.ARM.Collect$$$$0000000B)
    __rt_lib_shutdown_fini                   0x080001cd   Thumb Code     0  entry12b.o(.ARM.Collect$$$$0000000E)
    __rt_final_cpp                           0x080001d1   Thumb Code     0  entry10a.o(.ARM.Collect$$$$0000000F)
    __rt_final_exit                          0x080001d1   Thumb Code     0  entry11a.o(.ARM.Collect$$$$00000011)
    Reset_Handler                            0x080001d5   Thumb Code     8  startup_stm32l4s5xx.o(.text)
    ADC1_IRQHandler                          0x080001ef   Thumb Code     0  startup_stm32l4s5xx.o(.text)
    AES_IRQHandler                           0x080001ef   Thumb Code     0  startup_stm32l4s5xx.o(.text)
    CAN1_RX0_IRQHandler                      0x080001ef   Thumb Code     0  startup_stm32l4s5xx.o(.text)
    CAN1_RX1_IRQHandler                      0x080001ef   Thumb Code     0  startup_stm32l4s5xx.o(.text)
    CAN1_SCE_IRQHandler                      0x080001ef   Thumb Code     0  startup_stm32l4s5xx.o(.text)
    CAN1_TX_IRQHandler                       0x080001ef   Thumb Code     0  startup_stm32l4s5xx.o(.text)
    COMP_IRQHandler                          0x080001ef   Thumb Code     0  startup_stm32l4s5xx.o(.text)
    DCMI_IRQHandler                          0x080001ef   Thumb Code     0  startup_stm32l4s5xx.o(.text)
    DFSDM1_FLT0_IRQHandler                   0x080001ef   Thumb Code     0  startup_stm32l4s5xx.o(.text)
    DFSDM1_FLT1_IRQHandler                   0x080001ef   Thumb Code     0  startup_stm32l4s5xx.o(.text)
    DFSDM1_FLT2_IRQHandler                   0x080001ef   Thumb Code     0  startup_stm32l4s5xx.o(.text)
    DFSDM1_FLT3_IRQHandler                   0x080001ef   Thumb Code     0  startup_stm32l4s5xx.o(.text)
    DMA1_Channel2_IRQHandler                 0x080001ef   Thumb Code     0  startup_stm32l4s5xx.o(.text)
    DMA1_Channel3_IRQHandler                 0x080001ef   Thumb Code     0  startup_stm32l4s5xx.o(.text)
    DMA1_Channel4_IRQHandler                 0x080001ef   Thumb Code     0  startup_stm32l4s5xx.o(.text)
    DMA1_Channel5_IRQHandler                 0x080001ef   Thumb Code     0  startup_stm32l4s5xx.o(.text)
    DMA1_Channel6_IRQHandler                 0x080001ef   Thumb Code     0  startup_stm32l4s5xx.o(.text)
    DMA1_Channel7_IRQHandler                 0x080001ef   Thumb Code     0  startup_stm32l4s5xx.o(.text)
    DMA2D_IRQHandler                         0x080001ef   Thumb Code     0  startup_stm32l4s5xx.o(.text)
    DMA2_Channel1_IRQHandler                 0x080001ef   Thumb Code     0  startup_stm32l4s5xx.o(.text)
    DMA2_Channel2_IRQHandler                 0x080001ef   Thumb Code     0  startup_stm32l4s5xx.o(.text)
    DMA2_Channel3_IRQHandler                 0x080001ef   Thumb Code     0  startup_stm32l4s5xx.o(.text)
    DMA2_Channel4_IRQHandler                 0x080001ef   Thumb Code     0  startup_stm32l4s5xx.o(.text)
    DMA2_Channel5_IRQHandler                 0x080001ef   Thumb Code     0  startup_stm32l4s5xx.o(.text)
    DMA2_Channel6_IRQHandler                 0x080001ef   Thumb Code     0  startup_stm32l4s5xx.o(.text)
    DMA2_Channel7_IRQHandler                 0x080001ef   Thumb Code     0  startup_stm32l4s5xx.o(.text)
    EXTI0_IRQHandler                         0x080001ef   Thumb Code     0  startup_stm32l4s5xx.o(.text)
    EXTI2_IRQHandler                         0x080001ef   Thumb Code     0  startup_stm32l4s5xx.o(.text)
    EXTI3_IRQHandler                         0x080001ef   Thumb Code     0  startup_stm32l4s5xx.o(.text)
    EXTI4_IRQHandler                         0x080001ef   Thumb Code     0  startup_stm32l4s5xx.o(.text)
    EXTI9_5_IRQHandler                       0x080001ef   Thumb Code     0  startup_stm32l4s5xx.o(.text)
    FLASH_IRQHandler                         0x080001ef   Thumb Code     0  startup_stm32l4s5xx.o(.text)
    FMC_IRQHandler                           0x080001ef   Thumb Code     0  startup_stm32l4s5xx.o(.text)
    FPU_IRQHandler                           0x080001ef   Thumb Code     0  startup_stm32l4s5xx.o(.text)
    GFXMMU_IRQHandler                        0x080001ef   Thumb Code     0  startup_stm32l4s5xx.o(.text)
    HASH_CRS_IRQHandler                      0x080001ef   Thumb Code     0  startup_stm32l4s5xx.o(.text)
    I2C1_ER_IRQHandler                       0x080001ef   Thumb Code     0  startup_stm32l4s5xx.o(.text)
    I2C1_EV_IRQHandler                       0x080001ef   Thumb Code     0  startup_stm32l4s5xx.o(.text)
    I2C3_ER_IRQHandler                       0x080001ef   Thumb Code     0  startup_stm32l4s5xx.o(.text)
    I2C3_EV_IRQHandler                       0x080001ef   Thumb Code     0  startup_stm32l4s5xx.o(.text)
    I2C4_ER_IRQHandler                       0x080001ef   Thumb Code     0  startup_stm32l4s5xx.o(.text)
    I2C4_EV_IRQHandler                       0x080001ef   Thumb Code     0  startup_stm32l4s5xx.o(.text)
    LPTIM1_IRQHandler                        0x080001ef   Thumb Code     0  startup_stm32l4s5xx.o(.text)
    LPTIM2_IRQHandler                        0x080001ef   Thumb Code     0  startup_stm32l4s5xx.o(.text)
    LPUART1_IRQHandler                       0x080001ef   Thumb Code     0  startup_stm32l4s5xx.o(.text)
    LTDC_ER_IRQHandler                       0x080001ef   Thumb Code     0  startup_stm32l4s5xx.o(.text)
    LTDC_IRQHandler                          0x080001ef   Thumb Code     0  startup_stm32l4s5xx.o(.text)
    OCTOSPI1_IRQHandler                      0x080001ef   Thumb Code     0  startup_stm32l4s5xx.o(.text)
    OCTOSPI2_IRQHandler                      0x080001ef   Thumb Code     0  startup_stm32l4s5xx.o(.text)
    OTG_FS_IRQHandler                        0x080001ef   Thumb Code     0  startup_stm32l4s5xx.o(.text)
    PVD_PVM_IRQHandler                       0x080001ef   Thumb Code     0  startup_stm32l4s5xx.o(.text)
    RCC_IRQHandler                           0x080001ef   Thumb Code     0  startup_stm32l4s5xx.o(.text)
    RNG_IRQHandler                           0x080001ef   Thumb Code     0  startup_stm32l4s5xx.o(.text)
    RTC_Alarm_IRQHandler                     0x080001ef   Thumb Code     0  startup_stm32l4s5xx.o(.text)
    RTC_WKUP_IRQHandler                      0x080001ef   Thumb Code     0  startup_stm32l4s5xx.o(.text)
    SAI1_IRQHandler                          0x080001ef   Thumb Code     0  startup_stm32l4s5xx.o(.text)
    SAI2_IRQHandler                          0x080001ef   Thumb Code     0  startup_stm32l4s5xx.o(.text)
    SDMMC1_IRQHandler                        0x080001ef   Thumb Code     0  startup_stm32l4s5xx.o(.text)
    SPI1_IRQHandler                          0x080001ef   Thumb Code     0  startup_stm32l4s5xx.o(.text)
    SPI2_IRQHandler                          0x080001ef   Thumb Code     0  startup_stm32l4s5xx.o(.text)
    TAMP_STAMP_IRQHandler                    0x080001ef   Thumb Code     0  startup_stm32l4s5xx.o(.text)
    TIM1_BRK_TIM15_IRQHandler                0x080001ef   Thumb Code     0  startup_stm32l4s5xx.o(.text)
    TIM1_CC_IRQHandler                       0x080001ef   Thumb Code     0  startup_stm32l4s5xx.o(.text)
    TIM1_TRG_COM_TIM17_IRQHandler            0x080001ef   Thumb Code     0  startup_stm32l4s5xx.o(.text)
    TIM3_IRQHandler                          0x080001ef   Thumb Code     0  startup_stm32l4s5xx.o(.text)
    TIM4_IRQHandler                          0x080001ef   Thumb Code     0  startup_stm32l4s5xx.o(.text)
    TIM5_IRQHandler                          0x080001ef   Thumb Code     0  startup_stm32l4s5xx.o(.text)
    TIM6_DAC_IRQHandler                      0x080001ef   Thumb Code     0  startup_stm32l4s5xx.o(.text)
    TIM7_IRQHandler                          0x080001ef   Thumb Code     0  startup_stm32l4s5xx.o(.text)
    TIM8_BRK_IRQHandler                      0x080001ef   Thumb Code     0  startup_stm32l4s5xx.o(.text)
    TIM8_CC_IRQHandler                       0x080001ef   Thumb Code     0  startup_stm32l4s5xx.o(.text)
    TIM8_TRG_COM_IRQHandler                  0x080001ef   Thumb Code     0  startup_stm32l4s5xx.o(.text)
    TIM8_UP_IRQHandler                       0x080001ef   Thumb Code     0  startup_stm32l4s5xx.o(.text)
    TSC_IRQHandler                           0x080001ef   Thumb Code     0  startup_stm32l4s5xx.o(.text)
    UART4_IRQHandler                         0x080001ef   Thumb Code     0  startup_stm32l4s5xx.o(.text)
    UART5_IRQHandler                         0x080001ef   Thumb Code     0  startup_stm32l4s5xx.o(.text)
    USART1_IRQHandler                        0x080001ef   Thumb Code     0  startup_stm32l4s5xx.o(.text)
    USART2_IRQHandler                        0x080001ef   Thumb Code     0  startup_stm32l4s5xx.o(.text)
    USART3_IRQHandler                        0x080001ef   Thumb Code     0  startup_stm32l4s5xx.o(.text)
    WWDG_IRQHandler                          0x080001ef   Thumb Code     0  startup_stm32l4s5xx.o(.text)
    __aeabi_uldivmod                         0x080001f9   Thumb Code    98  uldiv.o(.text)
    __aeabi_memcpy                           0x08000261   Thumb Code    36  memcpya.o(.text)
    __aeabi_memcpy4                          0x08000261   Thumb Code     0  memcpya.o(.text)
    __aeabi_memcpy8                          0x08000261   Thumb Code     0  memcpya.o(.text)
    __aeabi_memset                           0x08000285   Thumb Code    14  memseta.o(.text)
    __aeabi_memset4                          0x08000285   Thumb Code     0  memseta.o(.text)
    __aeabi_memset8                          0x08000285   Thumb Code     0  memseta.o(.text)
    __aeabi_memclr                           0x08000293   Thumb Code     4  memseta.o(.text)
    __aeabi_memclr4                          0x08000293   Thumb Code     0  memseta.o(.text)
    __aeabi_memclr8                          0x08000293   Thumb Code     0  memseta.o(.text)
    _memset$wrapper                          0x08000297   Thumb Code    18  memseta.o(.text)
    strstr                                   0x080002a9   Thumb Code    36  strstr.o(.text)
    strncpy                                  0x080002cd   Thumb Code    24  strncpy.o(.text)
    strlen                                   0x080002e5   Thumb Code    14  strlen.o(.text)
    strcpy                                   0x080002f3   Thumb Code    18  strcpy.o(.text)
    strtok_r                                 0x08000305   Thumb Code    60  strtok_r.o(.text)
    strtok                                   0x08000341   Thumb Code     4  strtok_r.o(.text)
    __aeabi_llsl                             0x08000349   Thumb Code    30  llshl.o(.text)
    _ll_shift_l                              0x08000349   Thumb Code     0  llshl.o(.text)
    __aeabi_llsr                             0x08000367   Thumb Code    32  llushr.o(.text)
    _ll_ushift_r                             0x08000367   Thumb Code     0  llushr.o(.text)
    __scatterload                            0x08000389   Thumb Code    28  init.o(.text)
    __scatterload_rt2                        0x08000389   Thumb Code     0  init.o(.text)
    BSP_COM_Init                             0x0800060d   Thumb Code   156  stm32l4s5i_iot01.o(i.BSP_COM_Init)
    BSP_LED_Init                             0x080006b5   Thumb Code    60  stm32l4s5i_iot01.o(i.BSP_LED_Init)
    BSP_PB_Init                              0x080006fd   Thumb Code   122  stm32l4s5i_iot01.o(i.BSP_PB_Init)
    BusFault_Handler                         0x08000789   Thumb Code     2  stm32l4xx_it.o(i.BusFault_Handler)
    DMA1_Channel1_IRQHandler                 0x08000875   Thumb Code     6  stm32l4xx_it.o(i.DMA1_Channel1_IRQHandler)
    DMAMUX1_OVR_IRQHandler                   0x08000881   Thumb Code     6  stm32l4xx_it.o(i.DMAMUX1_OVR_IRQHandler)
    DebugMon_Handler                         0x0800092f   Thumb Code     2  stm32l4xx_it.o(i.DebugMon_Handler)
    ES_WIFI_Connect                          0x08000931   Thumb Code   134  es_wifi.o(i.ES_WIFI_Connect)
    ES_WIFI_GetMACAddress                    0x080009d5   Thumb Code    52  es_wifi.o(i.ES_WIFI_GetMACAddress)
    ES_WIFI_GetNetworkSettings               0x08000a11   Thumb Code    44  es_wifi.o(i.ES_WIFI_GetNetworkSettings)
    ES_WIFI_Init                             0x08000a41   Thumb Code    54  es_wifi.o(i.ES_WIFI_Init)
    ES_WIFI_IsConnected                      0x08000a81   Thumb Code    54  es_wifi.o(i.ES_WIFI_IsConnected)
    ES_WIFI_RegisterBusIO                    0x08000abd   Thumb Code    36  es_wifi.o(i.ES_WIFI_RegisterBusIO)
    ES_WIFI_SendData                         0x08000ae1   Thumb Code   140  es_wifi.o(i.ES_WIFI_SendData)
    ES_WIFI_StartClientConnection            0x08000b99   Thumb Code   256  es_wifi.o(i.ES_WIFI_StartClientConnection)
    EXTI15_10_IRQHandler                     0x08000ce1   Thumb Code     8  stm32l4xx_it.o(i.EXTI15_10_IRQHandler)
    EXTI1_IRQHandler                         0x08000ce9   Thumb Code     6  stm32l4xx_it.o(i.EXTI1_IRQHandler)
    Error_Handler                            0x08000cef   Thumb Code     4  main.o(i.Error_Handler)
    FLASH_Erase_Size                         0x08000cf5   Thumb Code   110  flash_l4.o(i.FLASH_Erase_Size)
    FLASH_FlushCaches                        0x08000da1   Thumb Code    76  stm32l4xx_hal_flash_ex.o(i.FLASH_FlushCaches)
    FLASH_PageErase                          0x08000ead   Thumb Code    54  stm32l4xx_hal_flash_ex.o(i.FLASH_PageErase)
    FLASH_WaitForLastOperation               0x08000f31   Thumb Code    86  stm32l4xx_hal_flash.o(i.FLASH_WaitForLastOperation)
    FLASH_Write                              0x08000f95   Thumb Code    90  flash_l4.o(i.FLASH_Write)
    HAL_DFSDM_ChannelInit                    0x08001081   Thumb Code   236  stm32l4xx_hal_dfsdm.o(i.HAL_DFSDM_ChannelInit)
    HAL_DFSDM_ChannelMspInit                 0x0800117d   Thumb Code   130  stm32l4xx_hal_msp.o(i.HAL_DFSDM_ChannelMspInit)
    HAL_DFSDM_FilterConfigRegChannel         0x0800120d   Thumb Code    66  stm32l4xx_hal_dfsdm.o(i.HAL_DFSDM_FilterConfigRegChannel)
    HAL_DFSDM_FilterErrorCallback            0x08001255   Thumb Code     2  stm32l4xx_hal_dfsdm.o(i.HAL_DFSDM_FilterErrorCallback)
    HAL_DFSDM_FilterInit                     0x08001259   Thumb Code   248  stm32l4xx_hal_dfsdm.o(i.HAL_DFSDM_FilterInit)
    HAL_DFSDM_FilterMspInit                  0x0800135d   Thumb Code   222  stm32l4xx_hal_msp.o(i.HAL_DFSDM_FilterMspInit)
    HAL_DFSDM_FilterRegConvCpltCallback      0x08001455   Thumb Code     8  main.o(i.HAL_DFSDM_FilterRegConvCpltCallback)
    HAL_DFSDM_FilterRegConvHalfCpltCallback  0x08001461   Thumb Code     8  main.o(i.HAL_DFSDM_FilterRegConvHalfCpltCallback)
    HAL_DFSDM_FilterRegularStart_DMA         0x0800146d   Thumb Code   124  stm32l4xx_hal_dfsdm.o(i.HAL_DFSDM_FilterRegularStart_DMA)
    HAL_DMAEx_ConfigMuxSync                  0x080014f5   Thumb Code    80  stm32l4xx_hal_dma_ex.o(i.HAL_DMAEx_ConfigMuxSync)
    HAL_DMAEx_MUX_IRQHandler                 0x08001549   Thumb Code   100  stm32l4xx_hal_dma_ex.o(i.HAL_DMAEx_MUX_IRQHandler)
    HAL_DMA_Abort_IT                         0x080015ad   Thumb Code   112  stm32l4xx_hal_dma.o(i.HAL_DMA_Abort_IT)
    HAL_DMA_GetState                         0x0800161d   Thumb Code     6  stm32l4xx_hal_dma.o(i.HAL_DMA_GetState)
    HAL_DMA_IRQHandler                       0x08001623   Thumb Code   186  stm32l4xx_hal_dma.o(i.HAL_DMA_IRQHandler)
    HAL_DMA_Init                             0x080016dd   Thumb Code   178  stm32l4xx_hal_dma.o(i.HAL_DMA_Init)
    HAL_DMA_Start_IT                         0x0800179d   Thumb Code   140  stm32l4xx_hal_dma.o(i.HAL_DMA_Start_IT)
    HAL_Delay                                0x08001829   Thumb Code    32  stm32l4xx_hal.o(i.HAL_Delay)
    HAL_FLASHEx_Erase                        0x0800184d   Thumb Code   218  stm32l4xx_hal_flash_ex.o(i.HAL_FLASHEx_Erase)
    HAL_FLASH_GetError                       0x08001939   Thumb Code     6  stm32l4xx_hal_flash.o(i.HAL_FLASH_GetError)
    HAL_FLASH_Lock                           0x08001945   Thumb Code    14  stm32l4xx_hal_flash.o(i.HAL_FLASH_Lock)
    HAL_FLASH_Program                        0x08001959   Thumb Code   156  stm32l4xx_hal_flash.o(i.HAL_FLASH_Program)
    HAL_FLASH_Unlock                         0x08001a05   Thumb Code    28  stm32l4xx_hal_flash.o(i.HAL_FLASH_Unlock)
    HAL_GPIO_EXTI_Callback                   0x08001a2d   Thumb Code    24  main.o(i.HAL_GPIO_EXTI_Callback)
    HAL_GPIO_EXTI_IRQHandler                 0x08001a49   Thumb Code    18  stm32l4xx_hal_gpio.o(i.HAL_GPIO_EXTI_IRQHandler)
    HAL_GPIO_Init                            0x08001a61   Thumb Code   442  stm32l4xx_hal_gpio.o(i.HAL_GPIO_Init)
    HAL_GPIO_ReadPin                         0x08001c4b   Thumb Code    10  stm32l4xx_hal_gpio.o(i.HAL_GPIO_ReadPin)
    HAL_GPIO_WritePin                        0x08001c55   Thumb Code    10  stm32l4xx_hal_gpio.o(i.HAL_GPIO_WritePin)
    HAL_GetTick                              0x08001c61   Thumb Code     6  stm32l4xx_hal.o(i.HAL_GetTick)
    HAL_I2CEx_ConfigAnalogFilter             0x08001c6d   Thumb Code    86  stm32l4xx_hal_i2c_ex.o(i.HAL_I2CEx_ConfigAnalogFilter)
    HAL_I2CEx_ConfigDigitalFilter            0x08001cc3   Thumb Code    82  stm32l4xx_hal_i2c_ex.o(i.HAL_I2CEx_ConfigDigitalFilter)
    HAL_I2C_AbortCpltCallback                0x08001d15   Thumb Code     2  stm32l4xx_hal_i2c.o(i.HAL_I2C_AbortCpltCallback)
    HAL_I2C_AddrCallback                     0x08001d17   Thumb Code     2  stm32l4xx_hal_i2c.o(i.HAL_I2C_AddrCallback)
    HAL_I2C_ER_IRQHandler                    0x08001d19   Thumb Code   104  stm32l4xx_hal_i2c.o(i.HAL_I2C_ER_IRQHandler)
    HAL_I2C_EV_IRQHandler                    0x08001d81   Thumb Code    16  stm32l4xx_hal_i2c.o(i.HAL_I2C_EV_IRQHandler)
    HAL_I2C_ErrorCallback                    0x08001d91   Thumb Code     2  stm32l4xx_hal_i2c.o(i.HAL_I2C_ErrorCallback)
    HAL_I2C_Init                             0x08001d95   Thumb Code   178  stm32l4xx_hal_i2c.o(i.HAL_I2C_Init)
    HAL_I2C_ListenCpltCallback               0x08001e4d   Thumb Code     2  stm32l4xx_hal_i2c.o(i.HAL_I2C_ListenCpltCallback)
    HAL_I2C_MspInit                          0x08001e51   Thumb Code   148  stm32l4xx_hal_msp.o(i.HAL_I2C_MspInit)
    HAL_I2C_SlaveRxCpltCallback              0x08001ef1   Thumb Code     2  stm32l4xx_hal_i2c.o(i.HAL_I2C_SlaveRxCpltCallback)
    HAL_I2C_SlaveTxCpltCallback              0x08001ef3   Thumb Code     2  stm32l4xx_hal_i2c.o(i.HAL_I2C_SlaveTxCpltCallback)
    HAL_IncTick                              0x08001ef5   Thumb Code    12  stm32l4xx_hal.o(i.HAL_IncTick)
    HAL_Init                                 0x08001f05   Thumb Code    30  stm32l4xx_hal.o(i.HAL_Init)
    HAL_InitTick                             0x08001f25   Thumb Code    98  stm32l4xx_hal_timebase_tim.o(i.HAL_InitTick)
    HAL_MspInit                              0x08001f99   Thumb Code    38  stm32l4xx_hal_msp.o(i.HAL_MspInit)
    HAL_NVIC_EnableIRQ                       0x08001fc5   Thumb Code    26  stm32l4xx_hal_cortex.o(i.HAL_NVIC_EnableIRQ)
    HAL_NVIC_SetPriority                     0x08001fe1   Thumb Code    60  stm32l4xx_hal_cortex.o(i.HAL_NVIC_SetPriority)
    HAL_NVIC_SetPriorityGrouping             0x08002021   Thumb Code    26  stm32l4xx_hal_cortex.o(i.HAL_NVIC_SetPriorityGrouping)
    HAL_PWREx_GetVoltageRange                0x08002045   Thumb Code    36  stm32l4xx_hal_pwr_ex.o(i.HAL_PWREx_GetVoltageRange)
    HAL_RCCEx_PeriphCLKConfig                0x0800206d   Thumb Code  1048  stm32l4xx_hal_rcc_ex.o(i.HAL_RCCEx_PeriphCLKConfig)
    HAL_RCC_ClockConfig                      0x0800248d   Thumb Code   362  stm32l4xx_hal_rcc.o(i.HAL_RCC_ClockConfig)
    HAL_RCC_GetClockConfig                   0x08002611   Thumb Code    54  stm32l4xx_hal_rcc.o(i.HAL_RCC_GetClockConfig)
    HAL_RCC_GetPCLK1Freq                     0x08002651   Thumb Code    24  stm32l4xx_hal_rcc.o(i.HAL_RCC_GetPCLK1Freq)
    HAL_RCC_GetPCLK2Freq                     0x08002675   Thumb Code    24  stm32l4xx_hal_rcc.o(i.HAL_RCC_GetPCLK2Freq)
    HAL_RCC_GetSysClockFreq                  0x08002699   Thumb Code   150  stm32l4xx_hal_rcc.o(i.HAL_RCC_GetSysClockFreq)
    HAL_RCC_OscConfig                        0x0800273d   Thumb Code  1390  stm32l4xx_hal_rcc.o(i.HAL_RCC_OscConfig)
    HAL_SPI_DeInit                           0x08002cb5   Thumb Code    46  stm32l4xx_hal_spi.o(i.HAL_SPI_DeInit)
    HAL_SPI_ErrorCallback                    0x08002ce3   Thumb Code     2  stm32l4xx_hal_spi.o(i.HAL_SPI_ErrorCallback)
    HAL_SPI_IRQHandler                       0x08002ce5   Thumb Code   246  stm32l4xx_hal_spi.o(i.HAL_SPI_IRQHandler)
    HAL_SPI_Init                             0x08002de1   Thumb Code   284  stm32l4xx_hal_spi.o(i.HAL_SPI_Init)
    HAL_SPI_MspDeInit                        0x08002efd   Thumb Code     2  stm32l4xx_hal_spi.o(i.HAL_SPI_MspDeInit)
    HAL_SPI_MspInit                          0x08002eff   Thumb Code     2  stm32l4xx_hal_spi.o(i.HAL_SPI_MspInit)
    HAL_SPI_Receive                          0x08002f01   Thumb Code   592  stm32l4xx_hal_spi.o(i.HAL_SPI_Receive)
    HAL_SPI_Receive_IT                       0x08003159   Thumb Code   242  stm32l4xx_hal_spi.o(i.HAL_SPI_Receive_IT)
    HAL_SPI_RxCpltCallback                   0x08003255   Thumb Code    14  es_wifi_io.o(i.HAL_SPI_RxCpltCallback)
    HAL_SPI_TransmitReceive                  0x08003269   Thumb Code   856  stm32l4xx_hal_spi.o(i.HAL_SPI_TransmitReceive)
    HAL_SPI_TransmitReceive_IT               0x080035c9   Thumb Code   240  stm32l4xx_hal_spi.o(i.HAL_SPI_TransmitReceive_IT)
    HAL_SPI_Transmit_IT                      0x080036c9   Thumb Code   176  stm32l4xx_hal_spi.o(i.HAL_SPI_Transmit_IT)
    HAL_SPI_TxCpltCallback                   0x08003781   Thumb Code    14  es_wifi_io.o(i.HAL_SPI_TxCpltCallback)
    HAL_SPI_TxRxCpltCallback                 0x08003795   Thumb Code     2  stm32l4xx_hal_spi.o(i.HAL_SPI_TxRxCpltCallback)
    HAL_TIMEx_Break2Callback                 0x08003797   Thumb Code     2  stm32l4xx_hal_tim_ex.o(i.HAL_TIMEx_Break2Callback)
    HAL_TIMEx_BreakCallback                  0x08003799   Thumb Code     2  stm32l4xx_hal_tim_ex.o(i.HAL_TIMEx_BreakCallback)
    HAL_TIMEx_CommutCallback                 0x0800379b   Thumb Code     2  stm32l4xx_hal_tim_ex.o(i.HAL_TIMEx_CommutCallback)
    HAL_TIM_Base_Init                        0x0800379d   Thumb Code    98  stm32l4xx_hal_tim.o(i.HAL_TIM_Base_Init)
    HAL_TIM_Base_MspInit                     0x08003801   Thumb Code    50  stm32l4xx_hal_msp.o(i.HAL_TIM_Base_MspInit)
    HAL_TIM_Base_Start_IT                    0x08003839   Thumb Code   100  stm32l4xx_hal_tim.o(i.HAL_TIM_Base_Start_IT)
    HAL_TIM_IC_CaptureCallback               0x080038b9   Thumb Code     2  stm32l4xx_hal_tim.o(i.HAL_TIM_IC_CaptureCallback)
    HAL_TIM_IRQHandler                       0x080038bb   Thumb Code   388  stm32l4xx_hal_tim.o(i.HAL_TIM_IRQHandler)
    HAL_TIM_OC_DelayElapsedCallback          0x08003a3f   Thumb Code     2  stm32l4xx_hal_tim.o(i.HAL_TIM_OC_DelayElapsedCallback)
    HAL_TIM_PWM_PulseFinishedCallback        0x08003a41   Thumb Code     2  stm32l4xx_hal_tim.o(i.HAL_TIM_PWM_PulseFinishedCallback)
    HAL_TIM_PeriodElapsedCallback            0x08003a45   Thumb Code    14  main.o(i.HAL_TIM_PeriodElapsedCallback)
    HAL_TIM_TriggerCallback                  0x08003a59   Thumb Code     2  stm32l4xx_hal_tim.o(i.HAL_TIM_TriggerCallback)
    HAL_UART_Init                            0x08003a5b   Thumb Code   106  stm32l4xx_hal_uart.o(i.HAL_UART_Init)
    HAL_UART_MspInit                         0x08003ac5   Thumb Code     2  stm32l4xx_hal_uart.o(i.HAL_UART_MspInit)
    HAL_UART_Receive                         0x08003ac9   Thumb Code   250  stm32l4xx_hal_uart.o(i.HAL_UART_Receive)
    HAL_UART_Transmit                        0x08003bc9   Thumb Code   188  stm32l4xx_hal_uart.o(i.HAL_UART_Transmit)
    HardFault_Handler                        0x08003c85   Thumb Code     2  stm32l4xx_it.o(i.HardFault_Handler)
    I2C2_ER_IRQHandler                       0x08003c89   Thumb Code     6  stm32l4xx_it.o(i.I2C2_ER_IRQHandler)
    I2C2_EV_IRQHandler                       0x08003c95   Thumb Code     6  stm32l4xx_it.o(i.I2C2_EV_IRQHandler)
    MemManage_Handler                        0x080042d9   Thumb Code     2  stm32l4xx_it.o(i.MemManage_Handler)
    NMI_Handler                              0x080042db   Thumb Code     2  stm32l4xx_it.o(i.NMI_Handler)
    PendSV_Handler                           0x080043d7   Thumb Code     2  stm32l4xx_it.o(i.PendSV_Handler)
    SPI3_IRQHandler                          0x08004711   Thumb Code     6  main.o(i.SPI3_IRQHandler)
    SPI_WIFI_DeInit                          0x08004bed   Thumb Code    12  es_wifi_io.o(i.SPI_WIFI_DeInit)
    SPI_WIFI_Delay                           0x08004bfd   Thumb Code     4  es_wifi_io.o(i.SPI_WIFI_Delay)
    SPI_WIFI_ISR                             0x08004c69   Thumb Code    14  es_wifi_io.o(i.SPI_WIFI_ISR)
    SPI_WIFI_Init                            0x08004c7d   Thumb Code   114  es_wifi_io.o(i.SPI_WIFI_Init)
    SPI_WIFI_MspInit                         0x08004cf9   Thumb Code   248  es_wifi_io.o(i.SPI_WIFI_MspInit)
    SPI_WIFI_ReceiveData                     0x08004e05   Thumb Code   236  es_wifi_io.o(i.SPI_WIFI_ReceiveData)
    SPI_WIFI_ResetModule                     0x08004f05   Thumb Code   212  es_wifi_io.o(i.SPI_WIFI_ResetModule)
    SPI_WIFI_SendData                        0x08004fe9   Thumb Code   162  es_wifi_io.o(i.SPI_WIFI_SendData)
    SVC_Handler                              0x0800522d   Thumb Code     2  stm32l4xx_it.o(i.SVC_Handler)
    SysTick_Handler                          0x0800522f   Thumb Code     4  stm32l4xx_it.o(i.SysTick_Handler)
    SystemInit                               0x08005235   Thumb Code    56  system_stm32l4xx.o(i.SystemInit)
    TIM1_UP_TIM16_IRQHandler                 0x08005279   Thumb Code     6  stm32l4xx_it.o(i.TIM1_UP_TIM16_IRQHandler)
    TIM2_IRQHandler                          0x08005285   Thumb Code     6  stm32l4xx_it.o(i.TIM2_IRQHandler)
    TIM_Base_SetConfig                       0x08005291   Thumb Code   160  stm32l4xx_hal_tim.o(i.TIM_Base_SetConfig)
    UART_AdvFeatureConfig                    0x08005351   Thumb Code   200  stm32l4xx_hal_uart.o(i.UART_AdvFeatureConfig)
    UART_CheckIdleState                      0x08005419   Thumb Code    96  stm32l4xx_hal_uart.o(i.UART_CheckIdleState)
    UART_SetConfig                           0x08005479   Thumb Code   618  stm32l4xx_hal_uart.o(i.UART_SetConfig)
    UART_WaitOnFlagUntilTimeout              0x08005715   Thumb Code   164  stm32l4xx_hal_uart.o(i.UART_WaitOnFlagUntilTimeout)
    UsageFault_Handler                       0x080057b9   Thumb Code     2  stm32l4xx_it.o(i.UsageFault_Handler)
    WIFI_Connect                             0x080057bd   Thumb Code    32  wifi.o(i.WIFI_Connect)
    WIFI_GetIP_Address                       0x080057e1   Thumb Code    32  wifi.o(i.WIFI_GetIP_Address)
    WIFI_GetMAC_Address                      0x08005805   Thumb Code    20  wifi.o(i.WIFI_GetMAC_Address)
    WIFI_Init                                0x0800581d   Thumb Code    40  wifi.o(i.WIFI_Init)
    WIFI_OpenClientConnection                0x0800585d   Thumb Code    76  wifi.o(i.WIFI_OpenClientConnection)
    WIFI_SendData                            0x080058ad   Thumb Code    30  wifi.o(i.WIFI_SendData)
    __0printf$8                              0x080058d1   Thumb Code    22  printf8.o(i.__0printf$8)
    __1printf$8                              0x080058d1   Thumb Code     0  printf8.o(i.__0printf$8)
    __2printf                                0x080058d1   Thumb Code     0  printf8.o(i.__0printf$8)
    __0sprintf$8                             0x080058f1   Thumb Code    34  printf8.o(i.__0sprintf$8)
    __1sprintf$8                             0x080058f1   Thumb Code     0  printf8.o(i.__0sprintf$8)
    __2sprintf                               0x080058f1   Thumb Code     0  printf8.o(i.__0sprintf$8)
    __scatterload_copy                       0x08005939   Thumb Code    14  handlers.o(i.__scatterload_copy)
    __scatterload_null                       0x08005947   Thumb Code     2  handlers.o(i.__scatterload_null)
    __scatterload_zeroinit                   0x08005949   Thumb Code    14  handlers.o(i.__scatterload_zeroinit)
    fgetc                                    0x08005dc1   Thumb Code    34  main.o(i.fgetc)
    fputc                                    0x08005de9   Thumb Code    20  main.o(i.fputc)
    getc                                     0x08005e01   Thumb Code     4  getc.o(i.getc)
    gets                                     0x08005e05   Thumb Code    42  gets.o(i.gets)
    main                                     0x08005e35   Thumb Code   492  main.o(i.main)
    AHBPrescTable                            0x080064a4   Data          16  system_stm32l4xx.o(.constdata)
    MSIRangeTable                            0x080064b4   Data          48  system_stm32l4xx.o(.constdata)
    APBPrescTable                            0x080064e4   Data           8  system_stm32l4xx.o(.constdata)
    UARTPrescTable                           0x080064ec   Data          24  stm32l4xx_hal_uart.o(.constdata)
    BUTTON_PIN                               0x08006504   Data           2  stm32l4s5i_iot01.o(.constdata)
    BUTTON_IRQn                              0x08006506   Data           2  stm32l4s5i_iot01.o(.constdata)
    COM_TX_PIN                               0x08006508   Data           2  stm32l4s5i_iot01.o(.constdata)
    COM_RX_PIN                               0x0800650a   Data           2  stm32l4s5i_iot01.o(.constdata)
    COM_TX_AF                                0x0800650c   Data           2  stm32l4s5i_iot01.o(.constdata)
    COM_RX_AF                                0x0800650e   Data           2  stm32l4s5i_iot01.o(.constdata)
    GPIO_PIN                                 0x08006510   Data           4  stm32l4s5i_iot01.o(.constdata)
    Region$$Table$$Base                      0x08006570   Number         0  anon$$obj.o(Region$$Table)
    Region$$Table$$Limit                     0x080065a0   Number         0  anon$$obj.o(Region$$Table)
    __uninited_region_start__                0x080ff000   Data         216  main.o(UNINIT_FIXED_LOC)
    halfbufcheck                             0x20000010   Data           1  main.o(.data)
    fullbufcheck                             0x20000011   Data           1  main.o(.data)
    Trials                                   0x20000014   Data           2  main.o(.data)
    Datalen                                  0x20000016   Data           2  main.o(.data)
    RemoteIP                                 0x20000018   Data           4  main.o(.data)
    Socket                                   0x2000001c   Data           4  main.o(.data)
    lUserConfigPtr                           0x20000020   Data           4  main.o(.data)
    SystemCoreClock                          0x20000028   Data           4  system_stm32l4xx.o(.data)
    uwTickFreq                               0x20000034   Data           1  stm32l4xx_hal.o(.data)
    uwTickPrio                               0x20000038   Data           4  stm32l4xx_hal.o(.data)
    uwTick                                   0x2000003c   Data           4  stm32l4xx_hal.o(.data)
    pFlash                                   0x20000044   Data          32  stm32l4xx_hal_flash.o(.data)
    GPIO_PORT                                0x20000064   Data           4  stm32l4s5i_iot01.o(.data)
    BUTTON_PORT                              0x20000068   Data           4  stm32l4s5i_iot01.o(.data)
    COM_USART                                0x2000006c   Data           4  stm32l4s5i_iot01.o(.data)
    COM_TX_PORT                              0x20000070   Data           4  stm32l4s5i_iot01.o(.data)
    COM_RX_PORT                              0x20000074   Data           4  stm32l4s5i_iot01.o(.data)
    __stdin                                  0x20000078   Data           4  stdin.o(.data)
    __stdout                                 0x20000080   Data           4  stdout.o(.data)
    hspi                                     0x20000084   Data         100  es_wifi_io.o(.bss)
    EsWifiObj                                0x200000e8   Data        2304  wifi.o(.bss)
    RecBuf                                   0x200009e8   Data        1024  main.o(.bss)
    PlayBuf                                  0x20000de8   Data        1024  main.o(.bss)
    sound                                    0x200011e8   Data        1024  main.o(.bss)
    hi2c2                                    0x200016c0   Data          76  main.o(.bss)
    hdfsdm1_filter0                          0x2000170c   Data          84  main.o(.bss)
    hdfsdm1_channel2                         0x20001760   Data          56  main.o(.bss)
    htim2                                    0x20001798   Data          76  main.o(.bss)
    hdma_dfsdm1_flt0                         0x200017e4   Data          96  main.o(.bss)
    htim1                                    0x20001844   Data          76  stm32l4xx_hal_timebase_tim.o(.bss)
    hDiscoUart                               0x200018b0   Data         144  stm32l4s5i_iot01.o(.bss)
    __initial_sp                             0x20009840   Data           0  startup_stm32l4s5xx.o(STACK)



==============================================================================

Memory Map of the image

  Image Entry point : 0x080001bd

  Load Region LR_IROM1 (Base: 0x08000000, Size: 0x00006624, Max: 0x00100000, ABSOLUTE)

    Execution Region ER_IROM1 (Exec base: 0x08000000, Load base: 0x08000000, Size: 0x000065a0, Max: 0x00100000, ABSOLUTE)

    Exec Addr    Load Addr    Size         Type   Attr      Idx    E Section Name        Object

    0x08000000   0x08000000   0x000001bc   Data   RO         1398    RESET               startup_stm32l4s5xx.o
    0x080001bc   0x080001bc   0x00000000   Code   RO         6000  * .ARM.Collect$$$$00000000  mc_w.l(entry.o)
    0x080001bc   0x080001bc   0x00000004   Code   RO         6323    .ARM.Collect$$$$00000001  mc_w.l(entry2.o)
    0x080001c0   0x080001c0   0x00000004   Code   RO         6326    .ARM.Collect$$$$00000004  mc_w.l(entry5.o)
    0x080001c4   0x080001c4   0x00000000   Code   RO         6328    .ARM.Collect$$$$00000008  mc_w.l(entry7b.o)
    0x080001c4   0x080001c4   0x00000000   Code   RO         6330    .ARM.Collect$$$$0000000A  mc_w.l(entry8b.o)
    0x080001c4   0x080001c4   0x00000008   Code   RO         6331    .ARM.Collect$$$$0000000B  mc_w.l(entry9a.o)
    0x080001cc   0x080001cc   0x00000004   Code   RO         6338    .ARM.Collect$$$$0000000E  mc_w.l(entry12b.o)
    0x080001d0   0x080001d0   0x00000000   Code   RO         6333    .ARM.Collect$$$$0000000F  mc_w.l(entry10a.o)
    0x080001d0   0x080001d0   0x00000000   Code   RO         6335    .ARM.Collect$$$$00000011  mc_w.l(entry11a.o)
    0x080001d0   0x080001d0   0x00000004   Code   RO         6324    .ARM.Collect$$$$00002712  mc_w.l(entry2.o)
    0x080001d4   0x080001d4   0x00000024   Code   RO         1399    .text               startup_stm32l4s5xx.o
    0x080001f8   0x080001f8   0x00000068   Code   RO         6008    .text               mc_w.l(uldiv.o)
    0x08000260   0x08000260   0x00000024   Code   RO         6010    .text               mc_w.l(memcpya.o)
    0x08000284   0x08000284   0x00000024   Code   RO         6012    .text               mc_w.l(memseta.o)
    0x080002a8   0x080002a8   0x00000024   Code   RO         6014    .text               mc_w.l(strstr.o)
    0x080002cc   0x080002cc   0x00000018   Code   RO         6016    .text               mc_w.l(strncpy.o)
    0x080002e4   0x080002e4   0x0000000e   Code   RO         6018    .text               mc_w.l(strlen.o)
    0x080002f2   0x080002f2   0x00000012   Code   RO         6022    .text               mc_w.l(strcpy.o)
    0x08000304   0x08000304   0x00000044   Code   RO         6029    .text               mc_w.l(strtok_r.o)
    0x08000348   0x08000348   0x0000001e   Code   RO         6342    .text               mc_w.l(llshl.o)
    0x08000366   0x08000366   0x00000020   Code   RO         6344    .text               mc_w.l(llushr.o)
    0x08000386   0x08000386   0x00000002   PAD
    0x08000388   0x08000388   0x00000024   Code   RO         6359    .text               mc_w.l(init.o)
    0x080003ac   0x080003ac   0x00000080   Code   RO            1    i.AT_ExecuteCommand  es_wifi.o
    0x0800042c   0x0800042c   0x000000c0   Code   RO            3    i.AT_ParseConnSettings  es_wifi.o
    0x080004ec   0x080004ec   0x00000088   Code   RO            4    i.AT_ParseInfo      es_wifi.o
    0x08000574   0x08000574   0x00000098   Code   RO            9    i.AT_RequestSendData  es_wifi.o
    0x0800060c   0x0800060c   0x000000a8   Code   RO         5797    i.BSP_COM_Init      stm32l4s5i_iot01.o
    0x080006b4   0x080006b4   0x00000048   Code   RO         5800    i.BSP_LED_Init      stm32l4s5i_iot01.o
    0x080006fc   0x080006fc   0x0000008c   Code   RO         5806    i.BSP_PB_Init       stm32l4s5i_iot01.o
    0x08000788   0x08000788   0x00000002   Code   RO         1123    i.BusFault_Handler  stm32l4xx_it.o
    0x0800078a   0x0800078a   0x0000000e   Code   RO         1811    i.DFSDM_DMAError    stm32l4xx_hal_dfsdm.o
    0x08000798   0x08000798   0x0000000a   Code   RO         1814    i.DFSDM_DMARegularConvCplt  stm32l4xx_hal_dfsdm.o
    0x080007a2   0x080007a2   0x0000000a   Code   RO         1815    i.DFSDM_DMARegularHalfConvCplt  stm32l4xx_hal_dfsdm.o
    0x080007ac   0x080007ac   0x0000005c   Code   RO         1816    i.DFSDM_GetChannelFromInstance  stm32l4xx_hal_dfsdm.o
    0x08000808   0x08000808   0x0000006a   Code   RO         1819    i.DFSDM_RegConvStart  stm32l4xx_hal_dfsdm.o
    0x08000872   0x08000872   0x00000002   PAD
    0x08000874   0x08000874   0x0000000c   Code   RO         1124    i.DMA1_Channel1_IRQHandler  stm32l4xx_it.o
    0x08000880   0x08000880   0x0000000c   Code   RO         1125    i.DMAMUX1_OVR_IRQHandler  stm32l4xx_it.o
    0x0800088c   0x0800088c   0x00000040   Code   RO         2266    i.DMA_CalcDMAMUXChannelBaseAndMask  stm32l4xx_hal_dma.o
    0x080008cc   0x080008cc   0x00000024   Code   RO         2267    i.DMA_CalcDMAMUXRequestGenBaseAndMask  stm32l4xx_hal_dma.o
    0x080008f0   0x080008f0   0x0000003e   Code   RO         2268    i.DMA_SetConfig     stm32l4xx_hal_dma.o
    0x0800092e   0x0800092e   0x00000002   Code   RO         1126    i.DebugMon_Handler  stm32l4xx_it.o
    0x08000930   0x08000930   0x000000a4   Code   RO           12    i.ES_WIFI_Connect   es_wifi.o
    0x080009d4   0x080009d4   0x0000003c   Code   RO           19    i.ES_WIFI_GetMACAddress  es_wifi.o
    0x08000a10   0x08000a10   0x00000030   Code   RO           20    i.ES_WIFI_GetNetworkSettings  es_wifi.o
    0x08000a40   0x08000a40   0x00000040   Code   RO           27    i.ES_WIFI_Init      es_wifi.o
    0x08000a80   0x08000a80   0x0000003c   Code   RO           28    i.ES_WIFI_IsConnected  es_wifi.o
    0x08000abc   0x08000abc   0x00000024   Code   RO           34    i.ES_WIFI_RegisterBusIO  es_wifi.o
    0x08000ae0   0x08000ae0   0x000000b6   Code   RO           37    i.ES_WIFI_SendData  es_wifi.o
    0x08000b96   0x08000b96   0x00000002   PAD
    0x08000b98   0x08000b98   0x00000148   Code   RO           43    i.ES_WIFI_StartClientConnection  es_wifi.o
    0x08000ce0   0x08000ce0   0x00000008   Code   RO         1127    i.EXTI15_10_IRQHandler  stm32l4xx_it.o
    0x08000ce8   0x08000ce8   0x00000006   Code   RO         1128    i.EXTI1_IRQHandler  stm32l4xx_it.o
    0x08000cee   0x08000cee   0x00000004   Code   RO          779    i.Error_Handler     main.o
    0x08000cf2   0x08000cf2   0x00000002   PAD
    0x08000cf4   0x08000cf4   0x000000ac   Code   RO         1044    i.FLASH_Erase_Size  flash_l4.o
    0x08000da0   0x08000da0   0x00000054   Code   RO         2528    i.FLASH_FlushCaches  stm32l4xx_hal_flash_ex.o
    0x08000df4   0x08000df4   0x00000080   Code   RO         1045    i.FLASH_Init        flash_l4.o
    0x08000e74   0x08000e74   0x00000038   Code   RO         2529    i.FLASH_MassErase   stm32l4xx_hal_flash_ex.o
    0x08000eac   0x08000eac   0x0000003c   Code   RO         2534    i.FLASH_PageErase   stm32l4xx_hal_flash_ex.o
    0x08000ee8   0x08000ee8   0x0000001c   Code   RO         2419    i.FLASH_Program_DoubleWord  stm32l4xx_hal_flash.o
    0x08000f04   0x08000f04   0x0000002c   Code   RO         2420    i.FLASH_Program_Fast  stm32l4xx_hal_flash.o
    0x08000f30   0x08000f30   0x00000064   Code   RO         2421    i.FLASH_WaitForLastOperation  stm32l4xx_hal_flash.o
    0x08000f94   0x08000f94   0x0000005a   Code   RO         1046    i.FLASH_Write       flash_l4.o
    0x08000fee   0x08000fee   0x00000002   PAD
    0x08000ff0   0x08000ff0   0x0000004c   Code   RO         1051    i.GetBank           flash_l4.o
    0x0800103c   0x0800103c   0x00000044   Code   RO         1052    i.GetPage           flash_l4.o
    0x08001080   0x08001080   0x000000fc   Code   RO         1829    i.HAL_DFSDM_ChannelInit  stm32l4xx_hal_dfsdm.o
    0x0800117c   0x0800117c   0x00000090   Code   RO         1286    i.HAL_DFSDM_ChannelMspInit  stm32l4xx_hal_msp.o
    0x0800120c   0x0800120c   0x00000048   Code   RO         1844    i.HAL_DFSDM_FilterConfigRegChannel  stm32l4xx_hal_dfsdm.o
    0x08001254   0x08001254   0x00000002   Code   RO         1846    i.HAL_DFSDM_FilterErrorCallback  stm32l4xx_hal_dfsdm.o
    0x08001256   0x08001256   0x00000002   PAD
    0x08001258   0x08001258   0x00000104   Code   RO         1856    i.HAL_DFSDM_FilterInit  stm32l4xx_hal_dfsdm.o
    0x0800135c   0x0800135c   0x000000f8   Code   RO         1288    i.HAL_DFSDM_FilterMspInit  stm32l4xx_hal_msp.o
    0x08001454   0x08001454   0x0000000c   Code   RO          780    i.HAL_DFSDM_FilterRegConvCpltCallback  main.o
    0x08001460   0x08001460   0x0000000c   Code   RO          781    i.HAL_DFSDM_FilterRegConvHalfCpltCallback  main.o
    0x0800146c   0x0800146c   0x00000088   Code   RO         1874    i.HAL_DFSDM_FilterRegularStart_DMA  stm32l4xx_hal_dfsdm.o
    0x080014f4   0x080014f4   0x00000054   Code   RO         2372    i.HAL_DMAEx_ConfigMuxSync  stm32l4xx_hal_dma_ex.o
    0x08001548   0x08001548   0x00000064   Code   RO         2375    i.HAL_DMAEx_MUX_IRQHandler  stm32l4xx_hal_dma_ex.o
    0x080015ac   0x080015ac   0x00000070   Code   RO         2270    i.HAL_DMA_Abort_IT  stm32l4xx_hal_dma.o
    0x0800161c   0x0800161c   0x00000006   Code   RO         2273    i.HAL_DMA_GetState  stm32l4xx_hal_dma.o
    0x08001622   0x08001622   0x000000ba   Code   RO         2274    i.HAL_DMA_IRQHandler  stm32l4xx_hal_dma.o
    0x080016dc   0x080016dc   0x000000c0   Code   RO         2275    i.HAL_DMA_Init      stm32l4xx_hal_dma.o
    0x0800179c   0x0800179c   0x0000008c   Code   RO         2279    i.HAL_DMA_Start_IT  stm32l4xx_hal_dma.o
    0x08001828   0x08001828   0x00000024   Code   RO         1413    i.HAL_Delay         stm32l4xx_hal.o
    0x0800184c   0x0800184c   0x000000ea   Code   RO         2536    i.HAL_FLASHEx_Erase  stm32l4xx_hal_flash_ex.o
    0x08001936   0x08001936   0x00000002   PAD
    0x08001938   0x08001938   0x0000000c   Code   RO         2423    i.HAL_FLASH_GetError  stm32l4xx_hal_flash.o
    0x08001944   0x08001944   0x00000014   Code   RO         2425    i.HAL_FLASH_Lock    stm32l4xx_hal_flash.o
    0x08001958   0x08001958   0x000000aa   Code   RO         2430    i.HAL_FLASH_Program  stm32l4xx_hal_flash.o
    0x08001a02   0x08001a02   0x00000002   PAD
    0x08001a04   0x08001a04   0x00000028   Code   RO         2432    i.HAL_FLASH_Unlock  stm32l4xx_hal_flash.o
    0x08001a2c   0x08001a2c   0x0000001c   Code   RO          782    i.HAL_GPIO_EXTI_Callback  main.o
    0x08001a48   0x08001a48   0x00000018   Code   RO         2615    i.HAL_GPIO_EXTI_IRQHandler  stm32l4xx_hal_gpio.o
    0x08001a60   0x08001a60   0x000001ea   Code   RO         2616    i.HAL_GPIO_Init     stm32l4xx_hal_gpio.o
    0x08001c4a   0x08001c4a   0x0000000a   Code   RO         2618    i.HAL_GPIO_ReadPin  stm32l4xx_hal_gpio.o
    0x08001c54   0x08001c54   0x0000000a   Code   RO         2620    i.HAL_GPIO_WritePin  stm32l4xx_hal_gpio.o
    0x08001c5e   0x08001c5e   0x00000002   PAD
    0x08001c60   0x08001c60   0x0000000c   Code   RO         1417    i.HAL_GetTick       stm32l4xx_hal.o
    0x08001c6c   0x08001c6c   0x00000056   Code   RO         3141    i.HAL_I2CEx_ConfigAnalogFilter  stm32l4xx_hal_i2c_ex.o
    0x08001cc2   0x08001cc2   0x00000052   Code   RO         3142    i.HAL_I2CEx_ConfigDigitalFilter  stm32l4xx_hal_i2c_ex.o
    0x08001d14   0x08001d14   0x00000002   Code   RO         2679    i.HAL_I2C_AbortCpltCallback  stm32l4xx_hal_i2c.o
    0x08001d16   0x08001d16   0x00000002   Code   RO         2680    i.HAL_I2C_AddrCallback  stm32l4xx_hal_i2c.o
    0x08001d18   0x08001d18   0x00000068   Code   RO         2683    i.HAL_I2C_ER_IRQHandler  stm32l4xx_hal_i2c.o
    0x08001d80   0x08001d80   0x00000010   Code   RO         2684    i.HAL_I2C_EV_IRQHandler  stm32l4xx_hal_i2c.o
    0x08001d90   0x08001d90   0x00000002   Code   RO         2686    i.HAL_I2C_ErrorCallback  stm32l4xx_hal_i2c.o
    0x08001d92   0x08001d92   0x00000002   PAD
    0x08001d94   0x08001d94   0x000000b8   Code   RO         2690    i.HAL_I2C_Init      stm32l4xx_hal_i2c.o
    0x08001e4c   0x08001e4c   0x00000002   Code   RO         2692    i.HAL_I2C_ListenCpltCallback  stm32l4xx_hal_i2c.o
    0x08001e4e   0x08001e4e   0x00000002   PAD
    0x08001e50   0x08001e50   0x000000a0   Code   RO         1290    i.HAL_I2C_MspInit   stm32l4xx_hal_msp.o
    0x08001ef0   0x08001ef0   0x00000002   Code   RO         2716    i.HAL_I2C_SlaveRxCpltCallback  stm32l4xx_hal_i2c.o
    0x08001ef2   0x08001ef2   0x00000002   Code   RO         2717    i.HAL_I2C_SlaveTxCpltCallback  stm32l4xx_hal_i2c.o
    0x08001ef4   0x08001ef4   0x00000010   Code   RO         1423    i.HAL_IncTick       stm32l4xx_hal.o
    0x08001f04   0x08001f04   0x0000001e   Code   RO         1424    i.HAL_Init          stm32l4xx_hal.o
    0x08001f22   0x08001f22   0x00000002   PAD
    0x08001f24   0x08001f24   0x00000074   Code   RO         1360    i.HAL_InitTick      stm32l4xx_hal_timebase_tim.o
    0x08001f98   0x08001f98   0x0000002c   Code   RO         1291    i.HAL_MspInit       stm32l4xx_hal_msp.o
    0x08001fc4   0x08001fc4   0x0000001a   Code   RO         1681    i.HAL_NVIC_EnableIRQ  stm32l4xx_hal_cortex.o
    0x08001fde   0x08001fde   0x00000002   PAD
    0x08001fe0   0x08001fe0   0x00000040   Code   RO         1687    i.HAL_NVIC_SetPriority  stm32l4xx_hal_cortex.o
    0x08002020   0x08002020   0x00000024   Code   RO         1688    i.HAL_NVIC_SetPriorityGrouping  stm32l4xx_hal_cortex.o
    0x08002044   0x08002044   0x00000028   Code   RO         3345    i.HAL_PWREx_GetVoltageRange  stm32l4xx_hal_pwr_ex.o
    0x0800206c   0x0800206c   0x0000041e   Code   RO         3716    i.HAL_RCCEx_PeriphCLKConfig  stm32l4xx_hal_rcc_ex.o
    0x0800248a   0x0800248a   0x00000002   PAD
    0x0800248c   0x0800248c   0x00000184   Code   RO         3586    i.HAL_RCC_ClockConfig  stm32l4xx_hal_rcc.o
    0x08002610   0x08002610   0x00000040   Code   RO         3589    i.HAL_RCC_GetClockConfig  stm32l4xx_hal_rcc.o
    0x08002650   0x08002650   0x00000024   Code   RO         3592    i.HAL_RCC_GetPCLK1Freq  stm32l4xx_hal_rcc.o
    0x08002674   0x08002674   0x00000024   Code   RO         3593    i.HAL_RCC_GetPCLK2Freq  stm32l4xx_hal_rcc.o
    0x08002698   0x08002698   0x000000a4   Code   RO         3594    i.HAL_RCC_GetSysClockFreq  stm32l4xx_hal_rcc.o
    0x0800273c   0x0800273c   0x00000578   Code   RO         3597    i.HAL_RCC_OscConfig  stm32l4xx_hal_rcc.o
    0x08002cb4   0x08002cb4   0x0000002e   Code   RO         3898    i.HAL_SPI_DeInit    stm32l4xx_hal_spi.o
    0x08002ce2   0x08002ce2   0x00000002   Code   RO         3899    i.HAL_SPI_ErrorCallback  stm32l4xx_hal_spi.o
    0x08002ce4   0x08002ce4   0x000000fc   Code   RO         3902    i.HAL_SPI_IRQHandler  stm32l4xx_hal_spi.o
    0x08002de0   0x08002de0   0x0000011c   Code   RO         3903    i.HAL_SPI_Init      stm32l4xx_hal_spi.o
    0x08002efc   0x08002efc   0x00000002   Code   RO         3904    i.HAL_SPI_MspDeInit  stm32l4xx_hal_spi.o
    0x08002efe   0x08002efe   0x00000002   Code   RO         3905    i.HAL_SPI_MspInit   stm32l4xx_hal_spi.o
    0x08002f00   0x08002f00   0x00000256   Code   RO         3906    i.HAL_SPI_Receive   stm32l4xx_hal_spi.o
    0x08003156   0x08003156   0x00000002   PAD
    0x08003158   0x08003158   0x000000fc   Code   RO         3908    i.HAL_SPI_Receive_IT  stm32l4xx_hal_spi.o
    0x08003254   0x08003254   0x00000014   Code   RO          369    i.HAL_SPI_RxCpltCallback  es_wifi_io.o
    0x08003268   0x08003268   0x0000035e   Code   RO         3912    i.HAL_SPI_TransmitReceive  stm32l4xx_hal_spi.o
    0x080035c6   0x080035c6   0x00000002   PAD
    0x080035c8   0x080035c8   0x00000100   Code   RO         3914    i.HAL_SPI_TransmitReceive_IT  stm32l4xx_hal_spi.o
    0x080036c8   0x080036c8   0x000000b8   Code   RO         3916    i.HAL_SPI_Transmit_IT  stm32l4xx_hal_spi.o
    0x08003780   0x08003780   0x00000014   Code   RO          370    i.HAL_SPI_TxCpltCallback  es_wifi_io.o
    0x08003794   0x08003794   0x00000002   Code   RO         3919    i.HAL_SPI_TxRxCpltCallback  stm32l4xx_hal_spi.o
    0x08003796   0x08003796   0x00000002   Code   RO         4979    i.HAL_TIMEx_Break2Callback  stm32l4xx_hal_tim_ex.o
    0x08003798   0x08003798   0x00000002   Code   RO         4980    i.HAL_TIMEx_BreakCallback  stm32l4xx_hal_tim_ex.o
    0x0800379a   0x0800379a   0x00000002   Code   RO         4981    i.HAL_TIMEx_CommutCallback  stm32l4xx_hal_tim_ex.o
    0x0800379c   0x0800379c   0x00000062   Code   RO         4265    i.HAL_TIM_Base_Init  stm32l4xx_hal_tim.o
    0x080037fe   0x080037fe   0x00000002   PAD
    0x08003800   0x08003800   0x00000038   Code   RO         1293    i.HAL_TIM_Base_MspInit  stm32l4xx_hal_msp.o
    0x08003838   0x08003838   0x00000080   Code   RO         4270    i.HAL_TIM_Base_Start_IT  stm32l4xx_hal_tim.o
    0x080038b8   0x080038b8   0x00000002   Code   RO         4299    i.HAL_TIM_IC_CaptureCallback  stm32l4xx_hal_tim.o
    0x080038ba   0x080038ba   0x00000184   Code   RO         4313    i.HAL_TIM_IRQHandler  stm32l4xx_hal_tim.o
    0x08003a3e   0x08003a3e   0x00000002   Code   RO         4316    i.HAL_TIM_OC_DelayElapsedCallback  stm32l4xx_hal_tim.o
    0x08003a40   0x08003a40   0x00000002   Code   RO         4343    i.HAL_TIM_PWM_PulseFinishedCallback  stm32l4xx_hal_tim.o
    0x08003a42   0x08003a42   0x00000002   PAD
    0x08003a44   0x08003a44   0x00000014   Code   RO          783    i.HAL_TIM_PeriodElapsedCallback  main.o
    0x08003a58   0x08003a58   0x00000002   Code   RO         4356    i.HAL_TIM_TriggerCallback  stm32l4xx_hal_tim.o
    0x08003a5a   0x08003a5a   0x0000006a   Code   RO         5293    i.HAL_UART_Init     stm32l4xx_hal_uart.o
    0x08003ac4   0x08003ac4   0x00000002   Code   RO         5295    i.HAL_UART_MspInit  stm32l4xx_hal_uart.o
    0x08003ac6   0x08003ac6   0x00000002   PAD
    0x08003ac8   0x08003ac8   0x00000100   Code   RO         5296    i.HAL_UART_Receive  stm32l4xx_hal_uart.o
    0x08003bc8   0x08003bc8   0x000000bc   Code   RO         5302    i.HAL_UART_Transmit  stm32l4xx_hal_uart.o
    0x08003c84   0x08003c84   0x00000002   Code   RO         1129    i.HardFault_Handler  stm32l4xx_it.o
    0x08003c86   0x08003c86   0x00000002   PAD
    0x08003c88   0x08003c88   0x0000000c   Code   RO         1130    i.I2C2_ER_IRQHandler  stm32l4xx_it.o
    0x08003c94   0x08003c94   0x0000000c   Code   RO         1131    i.I2C2_EV_IRQHandler  stm32l4xx_it.o
    0x08003ca0   0x08003ca0   0x00000014   Code   RO         2729    i.I2C_DMAAbort      stm32l4xx_hal_i2c.o
    0x08003cb4   0x08003cb4   0x0000005e   Code   RO         2735    i.I2C_Disable_IRQ   stm32l4xx_hal_i2c.o
    0x08003d12   0x08003d12   0x00000022   Code   RO         2737    i.I2C_Flush_TXDR    stm32l4xx_hal_i2c.o
    0x08003d34   0x08003d34   0x0000008c   Code   RO         2738    i.I2C_ITAddrCplt    stm32l4xx_hal_i2c.o
    0x08003dc0   0x08003dc0   0x000000f4   Code   RO         2739    i.I2C_ITError       stm32l4xx_hal_i2c.o
    0x08003eb4   0x08003eb4   0x00000064   Code   RO         2740    i.I2C_ITListenCplt  stm32l4xx_hal_i2c.o
    0x08003f18   0x08003f18   0x00000130   Code   RO         2743    i.I2C_ITSlaveCplt   stm32l4xx_hal_i2c.o
    0x08004048   0x08004048   0x00000072   Code   RO         2744    i.I2C_ITSlaveSeqCplt  stm32l4xx_hal_i2c.o
    0x080040ba   0x080040ba   0x00000002   PAD
    0x080040bc   0x080040bc   0x00000120   Code   RO         2751    i.I2C_Slave_ISR_IT  stm32l4xx_hal_i2c.o
    0x080041dc   0x080041dc   0x0000002a   Code   RO         2753    i.I2C_TreatErrorCallback  stm32l4xx_hal_i2c.o
    0x08004206   0x08004206   0x00000002   PAD
    0x08004208   0x08004208   0x0000007c   Code   RO          784    i.MX_DFSDM1_Init    main.o
    0x08004284   0x08004284   0x00000054   Code   RO          785    i.MX_I2C2_Init      main.o
    0x080042d8   0x080042d8   0x00000002   Code   RO         1132    i.MemManage_Handler  stm32l4xx_it.o
    0x080042da   0x080042da   0x00000002   Code   RO         1133    i.NMI_Handler       stm32l4xx_it.o
    0x080042dc   0x080042dc   0x00000032   Code   RO           55    i.ParseIP           es_wifi.o
    0x0800430e   0x0800430e   0x00000086   Code   RO           56    i.ParseMAC          es_wifi.o
    0x08004394   0x08004394   0x00000042   Code   RO           57    i.ParseNumber       es_wifi.o
    0x080043d6   0x080043d6   0x00000002   Code   RO         1134    i.PendSV_Handler    stm32l4xx_it.o
    0x080043d8   0x080043d8   0x00000128   Code   RO         3720    i.RCCEx_PLLSAI1_Config  stm32l4xx_hal_rcc_ex.o
    0x08004500   0x08004500   0x00000128   Code   RO         3721    i.RCCEx_PLLSAI2_Config  stm32l4xx_hal_rcc_ex.o
    0x08004628   0x08004628   0x00000074   Code   RO         3598    i.RCC_GetSysClockFreqFromPLLSource  stm32l4xx_hal_rcc.o
    0x0800469c   0x0800469c   0x00000074   Code   RO         3599    i.RCC_SetFlashLatencyFromMSIRange  stm32l4xx_hal_rcc.o
    0x08004710   0x08004710   0x0000000c   Code   RO          786    i.SPI3_IRQHandler   main.o
    0x0800471c   0x0800471c   0x00000048   Code   RO         3921    i.SPI_2linesRxISR_16BIT  stm32l4xx_hal_spi.o
    0x08004764   0x08004764   0x00000016   Code   RO         3922    i.SPI_2linesRxISR_16BITCRC  stm32l4xx_hal_spi.o
    0x0800477a   0x0800477a   0x00000002   PAD
    0x0800477c   0x0800477c   0x0000007c   Code   RO         3923    i.SPI_2linesRxISR_8BIT  stm32l4xx_hal_spi.o
    0x080047f8   0x080047f8   0x00000028   Code   RO         3924    i.SPI_2linesRxISR_8BITCRC  stm32l4xx_hal_spi.o
    0x08004820   0x08004820   0x0000004c   Code   RO         3925    i.SPI_2linesTxISR_16BIT  stm32l4xx_hal_spi.o
    0x0800486c   0x0800486c   0x00000062   Code   RO         3926    i.SPI_2linesTxISR_8BIT  stm32l4xx_hal_spi.o
    0x080048ce   0x080048ce   0x00000072   Code   RO         3929    i.SPI_CloseRxTx_ISR  stm32l4xx_hal_spi.o
    0x08004940   0x08004940   0x0000005a   Code   RO         3930    i.SPI_CloseRx_ISR   stm32l4xx_hal_spi.o
    0x0800499a   0x0800499a   0x0000004c   Code   RO         3931    i.SPI_CloseTx_ISR   stm32l4xx_hal_spi.o
    0x080049e6   0x080049e6   0x00000012   Code   RO         3932    i.SPI_DMAAbortOnError  stm32l4xx_hal_spi.o
    0x080049f8   0x080049f8   0x00000074   Code   RO         3942    i.SPI_EndRxTransaction  stm32l4xx_hal_spi.o
    0x08004a6c   0x08004a6c   0x00000048   Code   RO         3943    i.SPI_EndRxTxTransaction  stm32l4xx_hal_spi.o
    0x08004ab4   0x08004ab4   0x00000050   Code   RO         3944    i.SPI_RxISR_16BIT   stm32l4xx_hal_spi.o
    0x08004b04   0x08004b04   0x00000016   Code   RO         3945    i.SPI_RxISR_16BITCRC  stm32l4xx_hal_spi.o
    0x08004b1a   0x08004b1a   0x00000002   PAD
    0x08004b1c   0x08004b1c   0x00000050   Code   RO         3946    i.SPI_RxISR_8BIT    stm32l4xx_hal_spi.o
    0x08004b6c   0x08004b6c   0x0000001a   Code   RO         3947    i.SPI_RxISR_8BITCRC  stm32l4xx_hal_spi.o
    0x08004b86   0x08004b86   0x00000032   Code   RO         3948    i.SPI_TxISR_16BIT   stm32l4xx_hal_spi.o
    0x08004bb8   0x08004bb8   0x00000032   Code   RO         3949    i.SPI_TxISR_8BIT    stm32l4xx_hal_spi.o
    0x08004bea   0x08004bea   0x00000002   PAD
    0x08004bec   0x08004bec   0x00000010   Code   RO          371    i.SPI_WIFI_DeInit   es_wifi_io.o
    0x08004bfc   0x08004bfc   0x00000004   Code   RO          372    i.SPI_WIFI_Delay    es_wifi_io.o
    0x08004c00   0x08004c00   0x00000068   Code   RO          373    i.SPI_WIFI_DelayUs  es_wifi_io.o
    0x08004c68   0x08004c68   0x00000014   Code   RO          374    i.SPI_WIFI_ISR      es_wifi_io.o
    0x08004c7c   0x08004c7c   0x0000007c   Code   RO          375    i.SPI_WIFI_Init     es_wifi_io.o
    0x08004cf8   0x08004cf8   0x0000010c   Code   RO          376    i.SPI_WIFI_MspInit  es_wifi_io.o
    0x08004e04   0x08004e04   0x000000fe   Code   RO          377    i.SPI_WIFI_ReceiveData  es_wifi_io.o
    0x08004f02   0x08004f02   0x00000002   PAD
    0x08004f04   0x08004f04   0x000000e2   Code   RO          378    i.SPI_WIFI_ResetModule  es_wifi_io.o
    0x08004fe6   0x08004fe6   0x00000002   PAD
    0x08004fe8   0x08004fe8   0x000000b6   Code   RO          379    i.SPI_WIFI_SendData  es_wifi_io.o
    0x0800509e   0x0800509e   0x00000002   PAD
    0x080050a0   0x080050a0   0x000000d2   Code   RO         3950    i.SPI_WaitFifoStateUntilTimeout  stm32l4xx_hal_spi.o
    0x08005172   0x08005172   0x00000002   PAD
    0x08005174   0x08005174   0x000000b8   Code   RO         3951    i.SPI_WaitFlagStateUntilTimeout  stm32l4xx_hal_spi.o
    0x0800522c   0x0800522c   0x00000002   Code   RO         1135    i.SVC_Handler       stm32l4xx_it.o
    0x0800522e   0x0800522e   0x00000004   Code   RO         1136    i.SysTick_Handler   stm32l4xx_it.o
    0x08005232   0x08005232   0x00000002   PAD
    0x08005234   0x08005234   0x00000044   Code   RO         1248    i.SystemInit        system_stm32l4xx.o
    0x08005278   0x08005278   0x0000000c   Code   RO         1137    i.TIM1_UP_TIM16_IRQHandler  stm32l4xx_it.o
    0x08005284   0x08005284   0x0000000c   Code   RO         1138    i.TIM2_IRQHandler   stm32l4xx_it.o
    0x08005290   0x08005290   0x000000c0   Code   RO         4358    i.TIM_Base_SetConfig  stm32l4xx_hal_tim.o
    0x08005350   0x08005350   0x000000c8   Code   RO         5307    i.UART_AdvFeatureConfig  stm32l4xx_hal_uart.o
    0x08005418   0x08005418   0x00000060   Code   RO         5308    i.UART_CheckIdleState  stm32l4xx_hal_uart.o
    0x08005478   0x08005478   0x0000029c   Code   RO         5325    i.UART_SetConfig    stm32l4xx_hal_uart.o
    0x08005714   0x08005714   0x000000a4   Code   RO         5332    i.UART_WaitOnFlagUntilTimeout  stm32l4xx_hal_uart.o
    0x080057b8   0x080057b8   0x00000002   Code   RO         1139    i.UsageFault_Handler  stm32l4xx_it.o
    0x080057ba   0x080057ba   0x00000002   PAD
    0x080057bc   0x080057bc   0x00000024   Code   RO          596    i.WIFI_Connect      wifi.o
    0x080057e0   0x080057e0   0x00000024   Code   RO          599    i.WIFI_GetIP_Address  wifi.o
    0x08005804   0x08005804   0x00000018   Code   RO          600    i.WIFI_GetMAC_Address  wifi.o
    0x0800581c   0x0800581c   0x00000040   Code   RO          605    i.WIFI_Init         wifi.o
    0x0800585c   0x0800585c   0x00000050   Code   RO          608    i.WIFI_OpenClientConnection  wifi.o
    0x080058ac   0x080058ac   0x00000024   Code   RO          613    i.WIFI_SendData     wifi.o
    0x080058d0   0x080058d0   0x00000020   Code   RO         6241    i.__0printf$8       mc_w.l(printf8.o)
    0x080058f0   0x080058f0   0x00000028   Code   RO         6243    i.__0sprintf$8      mc_w.l(printf8.o)
    0x08005918   0x08005918   0x00000020   Code   RO         1694    i.__NVIC_SetPriority  stm32l4xx_hal_cortex.o
    0x08005938   0x08005938   0x0000000e   Code   RO         6367    i.__scatterload_copy  mc_w.l(handlers.o)
    0x08005946   0x08005946   0x00000002   Code   RO         6368    i.__scatterload_null  mc_w.l(handlers.o)
    0x08005948   0x08005948   0x0000000e   Code   RO         6369    i.__scatterload_zeroinit  mc_w.l(handlers.o)
    0x08005956   0x08005956   0x00000002   PAD
    0x08005958   0x08005958   0x0000040a   Code   RO         6248    i._printf_core      mc_w.l(printf8.o)
    0x08005d62   0x08005d62   0x00000024   Code   RO         6249    i._printf_post_padding  mc_w.l(printf8.o)
    0x08005d86   0x08005d86   0x0000002e   Code   RO         6250    i._printf_pre_padding  mc_w.l(printf8.o)
    0x08005db4   0x08005db4   0x0000000a   Code   RO         6252    i._sputc            mc_w.l(printf8.o)
    0x08005dbe   0x08005dbe   0x00000002   PAD
    0x08005dc0   0x08005dc0   0x00000028   Code   RO          787    i.fgetc             main.o
    0x08005de8   0x08005de8   0x00000018   Code   RO          788    i.fputc             main.o
    0x08005e00   0x08005e00   0x00000004   Code   RO         6003    i.getc              mc_w.l(getc.o)
    0x08005e04   0x08005e04   0x00000030   Code   RO         6005    i.gets              mc_w.l(gets.o)
    0x08005e34   0x08005e34   0x00000268   Code   RO          789    i.main              main.o
    0x0800609c   0x0800609c   0x00000030   Code   RO          380    i.wait_spi_tx_event  es_wifi_io.o
    0x080060cc   0x080060cc   0x00000310   Code   RO          790    i.wifi_connect      main.o
    0x080063dc   0x080063dc   0x000000c8   Code   RO          791    i.wifi_start        main.o
    0x080064a4   0x080064a4   0x00000040   Data   RO         1249    .constdata          system_stm32l4xx.o
    0x080064e4   0x080064e4   0x00000008   Data   RO         1250    .constdata          system_stm32l4xx.o
    0x080064ec   0x080064ec   0x00000018   Data   RO         5333    .constdata          stm32l4xx_hal_uart.o
    0x08006504   0x08006504   0x00000010   Data   RO         5829    .constdata          stm32l4s5i_iot01.o
    0x08006514   0x08006514   0x0000005a   Data   RO          796    .conststring        main.o
    0x0800656e   0x0800656e   0x00000002   PAD
    0x08006570   0x08006570   0x00000030   Data   RO         6365    Region$$Table       anon$$obj.o


    Execution Region RW_IRAM2 (Exec base: 0x10000000, Load base: 0x08006624, Size: 0x00000000, Max: 0x00008000, ABSOLUTE)

    **** No section assigned to this execution region ****


    Execution Region RW_IRAM1 (Exec base: 0x20000000, Load base: 0x080065a0, Size: 0x00009840, Max: 0x00018000, ABSOLUTE)

    Exec Addr    Load Addr    Size         Type   Attr      Idx    E Section Name        Object

    0x20000000   0x080065a0   0x00000010   Data   RW          382    .data               es_wifi_io.o
    0x20000010   0x080065b0   0x00000018   Data   RW          797    .data               main.o
    0x20000028   0x080065c8   0x00000004   Data   RW         1251    .data               system_stm32l4xx.o
    0x2000002c   0x080065cc   0x00000008   Data   RW         1294    .data               stm32l4xx_hal_msp.o
    0x20000034   0x080065d4   0x0000000c   Data   RW         1441    .data               stm32l4xx_hal.o
    0x20000040   0x080065e0   0x00000004   Data   RW         1881    .data               stm32l4xx_hal_dfsdm.o
    0x20000044   0x080065e4   0x00000020   Data   RW         2433    .data               stm32l4xx_hal_flash.o
    0x20000064   0x08006604   0x00000014   Data   RW         5830    .data               stm32l4s5i_iot01.o
    0x20000078   0x08006618   0x00000004   Data   RW         6007    .data               mc_w.l(stdin.o)
    0x2000007c   0x0800661c   0x00000004   Data   RW         6030    .data               mc_w.l(strtok_r.o)
    0x20000080   0x08006620   0x00000004   Data   RW         6339    .data               mc_w.l(stdout.o)
    0x20000084        -       0x00000064   Zero   RW          381    .bss                es_wifi_io.o
    0x200000e8        -       0x00000900   Zero   RW          620    .bss                wifi.o
    0x200009e8        -       0x00000db0   Zero   RW          792    .bss                main.o
    0x20001798        -       0x0000004c   Zero   RW          794    .bss                main.o
    0x200017e4        -       0x00000060   Zero   RW          795    .bss                main.o
    0x20001844        -       0x0000004c   Zero   RW         1363    .bss                stm32l4xx_hal_timebase_tim.o
    0x20001890        -       0x00000020   Zero   RW         1880    .bss                stm32l4xx_hal_dfsdm.o
    0x200018b0        -       0x00000090   Zero   RW         5828    .bss                stm32l4s5i_iot01.o
    0x20001940        -       0x00007f00   Zero   RW         1396    STACK               startup_stm32l4s5xx.o



  Load Region LR_uninit_fixed_loc (Base: 0x080ff000, Size: 0x00000000, Max: 0xffffffff, ABSOLUTE)

    Execution Region ER_uninit_fixed_loc (Exec base: 0x080ff000, Load base: 0x080ff000, Size: 0x000000d8, Max: 0x00002000, ABSOLUTE)

    Exec Addr    Load Addr    Size         Type   Attr      Idx    E Section Name        Object

    0x080ff000        -       0x000000d8   Zero   RW          799    UNINIT_FIXED_LOC    main.o


==============================================================================

Image component sizes


      Code (inc. data)   RO Data    RW Data    ZI Data      Debug   Object Name

      1800        240          0          0          0      22511   es_wifi.o
      1286        104          0         16        100     979462   es_wifi_io.o
       534        148          0          0          0       4461   flash_l4.o
      1960        756         90         24       3892     927358   main.o
        36          8        444          0      32512        852   startup_stm32l4s5xx.o
       380         42         16         20        144       8699   stm32l4s5i_iot01.o
        94         14          0         12          0      16026   stm32l4xx_hal.o
       158         14          0          0          0      33290   stm32l4xx_hal_cortex.o
       954         52          0          4         32       8849   stm32l4xx_hal_dfsdm.o
       798         30          0          0          0       6789   stm32l4xx_hal_dma.o
       184          4          0          0          0       2021   stm32l4xx_hal_dma_ex.o
       414         58          0         32          0      24967   stm32l4xx_hal_flash.o
       434         28          0          0          0       3954   stm32l4xx_hal_flash_ex.o
       534         48          0          0          0       4018   stm32l4xx_hal_gpio.o
      1696         38          0          0          0      16575   stm32l4xx_hal_i2c.o
       168          0          0          0          0       2055   stm32l4xx_hal_i2c_ex.o
       652         64          0          8          0       4555   stm32l4xx_hal_msp.o
        40          4          0          0          0        712   stm32l4xx_hal_pwr_ex.o
      2320        128          0          0          0       8917   stm32l4xx_hal_rcc.o
      1646         52          0          0          0       4388   stm32l4xx_hal_rcc_ex.o
      4362         68          0          0          0      27746   stm32l4xx_hal_spi.o
       814         60          0          0          0       7297   stm32l4xx_hal_tim.o
         6          0          0          0          0       2352   stm32l4xx_hal_tim_ex.o
       116         18          0          0         76       1543   stm32l4xx_hal_timebase_tim.o
      1680         70         24          0          0      27704   stm32l4xx_hal_uart.o
       106         36          0          0          0       8595   stm32l4xx_it.o
        68         12         72          4          0       1357   system_stm32l4xx.o
       276         46          0          0       2304       6526   wifi.o

    ----------------------------------------------------------------------
     23576       2142        696        120      39060    2163579   Object Totals
         0          0         48          0          0          0   (incl. Generated)
        60          0          2          0          0          0   (incl. Padding)

    ----------------------------------------------------------------------

      Code (inc. data)   RO Data    RW Data    ZI Data      Debug   Library Member Name

         0          0          0          0          0          0   entry.o
         0          0          0          0          0          0   entry10a.o
         0          0          0          0          0          0   entry11a.o
         4          0          0          0          0          0   entry12b.o
         8          4          0          0          0          0   entry2.o
         4          0          0          0          0          0   entry5.o
         0          0          0          0          0          0   entry7b.o
         0          0          0          0          0          0   entry8b.o
         8          4          0          0          0          0   entry9a.o
         4          0          0          0          0         68   getc.o
        48          6          0          0          0         80   gets.o
        30          0          0          0          0          0   handlers.o
        36          8          0          0          0         68   init.o
        30          0          0          0          0         68   llshl.o
        32          0          0          0          0         68   llushr.o
        36          0          0          0          0         68   memcpya.o
        36          0          0          0          0        108   memseta.o
      1198         60          0          0          0        504   printf8.o
         0          0          0          4          0          0   stdin.o
         0          0          0          4          0          0   stdout.o
        18          0          0          0          0         68   strcpy.o
        14          0          0          0          0         68   strlen.o
        24          0          0          0          0         76   strncpy.o
        36          0          0          0          0         80   strstr.o
        68          4          0          4          0         96   strtok_r.o
       104          0          0          0          0         92   uldiv.o

    ----------------------------------------------------------------------
      1744         86          0         12          0       1512   Library Totals
         6          0          0          0          0          0   (incl. Padding)

    ----------------------------------------------------------------------

      Code (inc. data)   RO Data    RW Data    ZI Data      Debug   Library Name

      1738         86          0         12          0       1512   mc_w.l

    ----------------------------------------------------------------------
      1744         86          0         12          0       1512   Library Totals

    ----------------------------------------------------------------------

==============================================================================


      Code (inc. data)   RO Data    RW Data    ZI Data      Debug   

     25320       2228        696        132      39060    2144815   Grand Totals
     25320       2228        696        132      39060    2144815   ELF Image Totals
     25320       2228        696        132          0          0   ROM Totals

==============================================================================

    Total RO  Size (Code + RO Data)                26016 (  25.41kB)
    Total RW  Size (RW Data + ZI Data)             39192 (  38.27kB)
    Total ROM Size (Code + RO Data + RW Data)      26148 (  25.54kB)

==============================================================================

